Archive member included to satisfy reference by file (symbol)

C:/Program Files/SEGGER/SEGGER Embedded Studio for ARM 4.50/lib/libc_v7em_fpv4_sp_d16_hard_t_le_eabi.a(libc2.o)
                              Output/scheduler_tutorial_pca10040_s132 Release/Obj/nrf_log_str_formatter.o (isprint)
C:/Program Files/SEGGER/SEGGER Embedded Studio for ARM 4.50/lib/libc_v7em_fpv4_sp_d16_hard_t_le_eabi.a(libc2_asm.o)
                              Output/scheduler_tutorial_pca10040_s132 Release/Obj/nrf_log_frontend.o (memcpy)
C:/Program Files/SEGGER/SEGGER Embedded Studio for ARM 4.50/lib/libc_v7em_fpv4_sp_d16_hard_t_le_eabi.a(libc.o)
                              C:/Program Files/SEGGER/SEGGER Embedded Studio for ARM 4.50/lib/libc_v7em_fpv4_sp_d16_hard_t_le_eabi.a(libc2.o) (__heap_lock)
C:/Program Files/SEGGER/SEGGER Embedded Studio for ARM 4.50/lib/libc_v7em_fpv4_sp_d16_hard_t_le_eabi.a(libc_asm.o)
                              C:/Program Files/SEGGER/SEGGER Embedded Studio for ARM 4.50/lib/libc_v7em_fpv4_sp_d16_hard_t_le_eabi.a(libc2.o) (__aeabi_uldivmod)
C:/Program Files/SEGGER/SEGGER Embedded Studio for ARM 4.50/lib/libdebugio_v7em_fpv4_sp_d16_hard_t_le_eabi.a(libdebugio.o)
                              Output/scheduler_tutorial_pca10040_s132 Release/Obj/thumb_crt0.o (debug_fopen)
C:/Program Files/SEGGER/SEGGER Embedded Studio for ARM 4.50/lib/libdebugio_mempoll_v7em_fpv4_sp_d16_hard_t_le_eabi.a(mempoll_debug_operations.o)
                              C:/Program Files/SEGGER/SEGGER Embedded Studio for ARM 4.50/lib/libdebugio_v7em_fpv4_sp_d16_hard_t_le_eabi.a(libdebugio.o) (__do_debug_operation)
C:/Program Files/SEGGER/SEGGER Embedded Studio for ARM 4.50/lib/libdebugio_mempoll_v7em_fpv4_sp_d16_hard_t_le_eabi.a(do_nv_debug_operation.o)
                              C:/Program Files/SEGGER/SEGGER Embedded Studio for ARM 4.50/lib/libdebugio_v7em_fpv4_sp_d16_hard_t_le_eabi.a(libdebugio.o) (__do_nvdebug_operation)
C:/Program Files/SEGGER/SEGGER Embedded Studio for ARM 4.50/lib/libm_v7em_fpv4_sp_d16_hard_t_le_eabi.a(libm_asm.o)
                              C:/Program Files/SEGGER/SEGGER Embedded Studio for ARM 4.50/lib/libc_v7em_fpv4_sp_d16_hard_t_le_eabi.a(libc2.o) (__aeabi_dadd)
C:/Program Files/SEGGER/SEGGER Embedded Studio for ARM 4.50/lib/libm_v7em_fpv4_sp_d16_hard_t_le_eabi.a(libm2.o)
                              C:/Program Files/SEGGER/SEGGER Embedded Studio for ARM 4.50/lib/libvfprintf_v7em_fpv4_sp_d16_hard_t_le_eabi.o (frexp)

Discarded input sections

 .text          0x0000000000000000        0x0 Output/scheduler_tutorial_pca10040_s132 Release/Obj/thumb_crt0.o
 .data          0x0000000000000000        0x0 Output/scheduler_tutorial_pca10040_s132 Release/Obj/thumb_crt0.o
 .bss           0x0000000000000000        0x0 Output/scheduler_tutorial_pca10040_s132 Release/Obj/thumb_crt0.o
 .text.__aeabi_read_tp
                0x0000000000000000        0x8 Output/scheduler_tutorial_pca10040_s132 Release/Obj/thumb_crt0.o
 .text.abort    0x0000000000000000        0x2 Output/scheduler_tutorial_pca10040_s132 Release/Obj/thumb_crt0.o
 .text.__assert
                0x0000000000000000        0x2 Output/scheduler_tutorial_pca10040_s132 Release/Obj/thumb_crt0.o
 .text.__aeabi_assert
                0x0000000000000000        0x2 Output/scheduler_tutorial_pca10040_s132 Release/Obj/thumb_crt0.o
 .text.__sync_synchronize
                0x0000000000000000        0x2 Output/scheduler_tutorial_pca10040_s132 Release/Obj/thumb_crt0.o
 .text.__getchar
                0x0000000000000000        0x4 Output/scheduler_tutorial_pca10040_s132 Release/Obj/thumb_crt0.o
 .text.__putchar
                0x0000000000000000        0x4 Output/scheduler_tutorial_pca10040_s132 Release/Obj/thumb_crt0.o
 .text.__open   0x0000000000000000        0x4 Output/scheduler_tutorial_pca10040_s132 Release/Obj/thumb_crt0.o
 .text.__close  0x0000000000000000        0x4 Output/scheduler_tutorial_pca10040_s132 Release/Obj/thumb_crt0.o
 .text.__write  0x0000000000000000        0xa Output/scheduler_tutorial_pca10040_s132 Release/Obj/thumb_crt0.o
 .text.__read   0x0000000000000000        0xa Output/scheduler_tutorial_pca10040_s132 Release/Obj/thumb_crt0.o
 .text.__seek   0x0000000000000000       0x1a Output/scheduler_tutorial_pca10040_s132 Release/Obj/thumb_crt0.o
 .bss.__user_locale_name_buffer
                0x0000000000000000        0x4 Output/scheduler_tutorial_pca10040_s132 Release/Obj/thumb_crt0.o
 .stack         0x0000000000000000        0x0 Output/scheduler_tutorial_pca10040_s132 Release/Obj/thumb_crt0.o
 .stack_process
                0x0000000000000000        0x0 Output/scheduler_tutorial_pca10040_s132 Release/Obj/thumb_crt0.o
 .heap          0x0000000000000000        0x0 Output/scheduler_tutorial_pca10040_s132 Release/Obj/thumb_crt0.o
 .group         0x0000000000000000        0xc Output/scheduler_tutorial_pca10040_s132 Release/Obj/nrf_log_backend_rtt.o
[...]
Memory Configuration

Name             Origin             Length             Attributes
UNPLACED_SECTIONS 0x0000000100000000 0x0000000000000000 xw
RAM              0x0000000020000000 0x0000000000010000 xw
FLASH            0x0000000000000000 0x0000000000080000 xw
*default*        0x0000000000000000 0xffffffffffffffff

Linker script and memory map

                0x0000000000000000                __vfprintf = __vfprintf_long
                0x0000000000000000                __vfscanf = __vfscanf_int
                0x0000000020000000                __RAM_segment_start__ = 0x20000000
                0x0000000020010000                __RAM_segment_end__ = 0x20010000
                0x0000000000010000                __RAM_segment_size__ = 0x10000
                0x0000000000000000                __FLASH_segment_start__ = 0x0
                0x0000000000080000                __FLASH_segment_end__ = 0x80000
                0x0000000000080000                __FLASH_segment_size__ = 0x80000
                0x0000000000002000                __HEAPSIZE__ = 0x2000
                0x0000000000000000                __STACKSIZE_PROCESS__ = 0x0
                0x0000000000002000                __STACKSIZE__ = 0x2000
                0x0000000020000000                __reserved_ram_load_start__ = 0x20000000

.reserved_ram   0x0000000020000000     0x57b8
                0x0000000020000000                __reserved_ram_start__ = .
 *(.reserved_ram .reserved_ram.*)
                0x00000000200057b8                . = MAX (((__reserved_ram_start__ + 0x200057b8) - 0x20000000), .)
 *fill*         0x0000000020000000     0x57b8 
                0x00000000200057b8                __reserved_ram_end__ = (__reserved_ram_start__ + SIZEOF (.reserved_ram))
                0x00000000000057b8                __reserved_ram_size__ = SIZEOF (.reserved_ram)
                0x00000000200057b8                __reserved_ram_load_end__ = __reserved_ram_end__
                0x0000000000000001                . = ASSERT (((__reserved_ram_start__ == __reserved_ram_end__) || ((__reserved_ram_end__ - __RAM_segment_start__) <= __RAM_segment_size__)), error: .reserved_ram is too large to fit in RAM memory segment)
                0x00000000200057b8                __vectors_ram_load_start__ = 0x200057b8

.vectors_ram    0x00000000200057b8        0x0
                0x00000000200057b8                __vectors_ram_start__ = .
                0x00000000200057b8                __app_ram_start__ = __vectors_ram_start__
 *(.vectors_ram .vectors_ram.*)
                0x00000000200057b8                __vectors_ram_end__ = (__vectors_ram_start__ + SIZEOF (.vectors_ram))
                0x0000000000000000                __vectors_ram_size__ = SIZEOF (.vectors_ram)
                0x00000000200057b8                __vectors_ram_load_end__ = __vectors_ram_end__
                0x0000000000000001                . = ASSERT (((__vectors_ram_start__ == __vectors_ram_end__) || ((__vectors_ram_end__ - __RAM_segment_start__) <= __RAM_segment_size__)), error: .vectors_ram is too large to fit in RAM memory segment)
                0x0000000000000001                . = ASSERT ((__reserved_ram_end__ <= __vectors_ram_start__), error: section .reserved_ram overlaps absolute placed section .vectors_ram)
                0x00000000200057b8                __nrf_sections_run_load_start__ = ALIGN (__vectors_ram_end__, 0x4)

.nrf_sections_run
                0x00000000200057b8        0x0
                0x00000000200057b8                __nrf_sections_run_start__ = .
                0x00000000200057b8                __start_nrf_sections_run = __nrf_sections_run_start__
 *(.nrf_sections_run .nrf_sections_run.*)
                0x00000000200057b8                __nrf_sections_run_end__ = (__nrf_sections_run_start__ + SIZEOF (.nrf_sections_run))
                0x0000000000000000                __nrf_sections_run_size__ = SIZEOF (.nrf_sections_run)
                0x00000000200057b8                __nrf_sections_run_load_end__ = __nrf_sections_run_end__
                0x0000000000000001                . = ASSERT (((__nrf_sections_run_start__ == __nrf_sections_run_end__) || ((__nrf_sections_run_end__ - __RAM_segment_start__) <= __RAM_segment_size__)), error: .nrf_sections_run is too large to fit in RAM memory segment)
                0x0000000000000000                __reserved_flash_load_start__ = 0x0

.reserved_flash
                0x0000000000000000    0x26000
                0x0000000000000000                __reserved_flash_start__ = .
 *(.reserved_flash .reserved_flash.*)
                0x0000000000026000                . = MAX (((__reserved_flash_start__ + 0x26000) - 0x0), .)
 *fill*         0x0000000000000000    0x26000 
                0x0000000000026000                __reserved_flash_end__ = (__reserved_flash_start__ + SIZEOF (.reserved_flash))
                0x0000000000026000                __reserved_flash_size__ = SIZEOF (.reserved_flash)
                0x0000000000026000                __reserved_flash_load_end__ = __reserved_flash_end__
                0x0000000000000001                . = ASSERT (((__reserved_flash_start__ == __reserved_flash_end__) || ((__reserved_flash_end__ - __FLASH_segment_start__) <= __FLASH_segment_size__)), error: .reserved_flash is too large to fit in FLASH memory segment)
                0x0000000000026000                __vectors_load_start__ = 0x26000

.vectors        0x0000000000026000      0x200
                0x0000000000026000                __vectors_start__ = .
 *(.vectors .vectors.*)
 .vectors       0x0000000000026000      0x200 Output/scheduler_tutorial_pca10040_s132 Release/Obj/ses_startup_nrf52.o
                0x0000000000026000                _vectors
                0x0000000000026200                __vectors_end__ = (__vectors_start__ + SIZEOF (.vectors))
                0x0000000000000200                __vectors_size__ = SIZEOF (.vectors)
                0x0000000000026200                __vectors_load_end__ = __vectors_end__
                0x0000000000000001                . = ASSERT (((__vectors_start__ == __vectors_end__) || ((__vectors_end__ - __FLASH_segment_start__) <= __FLASH_segment_size__)), error: .vectors is too large to fit in FLASH memory segment)
                0x0000000000000001                . = ASSERT ((__reserved_flash_end__ <= __vectors_start__), error: section .reserved_flash overlaps absolute placed section .vectors)
                0x0000000000026200                __init_load_start__ = ALIGN (__vectors_end__, 0x4)

.init           0x0000000000026200      0x1d4
                0x0000000000026200                __init_start__ = .
 *(.init .init.*)
 .init          0x0000000000026200      0x15c Output/scheduler_tutorial_pca10040_s132 Release/Obj/thumb_crt0.o
                0x0000000000026200                _start
                0x00000000000262b4                exit
 .init          0x000000000002635c       0x18 Output/scheduler_tutorial_pca10040_s132 Release/Obj/ses_startup_nrf52.o
                0x000000000002635c                NMI_Handler
                0x000000000002635e                HardFault_Handler
                0x0000000000026360                MemoryManagement_Handler
                0x0000000000026362                BusFault_Handler
                0x0000000000026364                UsageFault_Handler
                0x0000000000026366                SVC_Handler
                0x0000000000026368                DebugMon_Handler
                0x000000000002636a                PendSV_Handler
                0x000000000002636c                SysTick_Handler
                0x000000000002636e                RADIO_IRQHandler
                0x000000000002636e                PDM_IRQHandler
                0x000000000002636e                TEMP_IRQHandler
                0x000000000002636e                QDEC_IRQHandler
                0x000000000002636e                TIMER3_IRQHandler
                0x000000000002636e                FPU_IRQHandler
                0x000000000002636e                RTC0_IRQHandler
                0x000000000002636e                PWM1_IRQHandler
                0x000000000002636e                TIMER4_IRQHandler
                0x000000000002636e                I2S_IRQHandler
                0x000000000002636e                SWI4_EGU4_IRQHandler
                0x000000000002636e                TIMER0_IRQHandler
                0x000000000002636e                Dummy_Handler
                0x000000000002636e                TIMER1_IRQHandler
                0x000000000002636e                PWM2_IRQHandler
                0x000000000002636e                ECB_IRQHandler
                0x000000000002636e                SPIM1_SPIS1_TWIM1_TWIS1_SPI1_TWI1_IRQHandler
                0x000000000002636e                SAADC_IRQHandler
                0x000000000002636e                CCM_AAR_IRQHandler
                0x000000000002636e                WDT_IRQHandler
                0x000000000002636e                SPIM0_SPIS0_TWIM0_TWIS0_SPI0_TWI0_IRQHandler
                0x000000000002636e                SWI5_EGU5_IRQHandler
                0x000000000002636e                RNG_IRQHandler
                0x000000000002636e                RTC2_IRQHandler
                0x000000000002636e                PWM0_IRQHandler
                0x000000000002636e                SWI3_EGU3_IRQHandler
                0x000000000002636e                SWI1_EGU1_IRQHandler
                0x000000000002636e                SPIM2_SPIS2_SPI2_IRQHandler
                0x000000000002636e                NFCT_IRQHandler
                0x000000000002636e                TIMER2_IRQHandler
                0x000000000002636e                MWU_IRQHandler
                0x000000000002636e                COMP_LPCOMP_IRQHandler
                0x0000000000026370                nRFInitialize
 .init          0x0000000000026374       0x60 Output/scheduler_tutorial_pca10040_s132 Release/Obj/ses_startup_nrf_common.o
                0x0000000000026374                Reset_Handler
                0x000000000002639c                InitializeUserMemorySections
                0x00000000000263d4                __init_end__ = (__init_start__ + SIZEOF (.init))
                0x00000000000001d4                __init_size__ = SIZEOF (.init)
                0x00000000000263d4                __init_load_end__ = __init_end__
                0x0000000000000001                . = ASSERT (((__init_start__ == __init_end__) || ((__init_end__ - __FLASH_segment_start__) <= __FLASH_segment_size__)), error: .init is too large to fit in FLASH memory segment)
                0x00000000000263d4                __init_rodata_load_start__ = ALIGN (__init_end__, 0x4)

.init_rodata    0x00000000000263d4        0x0
                0x00000000000263d4                __init_rodata_start__ = .
 *(.init_rodata .init_rodata.*)
                0x00000000000263d4                __init_rodata_end__ = (__init_rodata_start__ + SIZEOF (.init_rodata))
                0x0000000000000000                __init_rodata_size__ = SIZEOF (.init_rodata)
                0x00000000000263d4                __init_rodata_load_end__ = __init_rodata_end__
                0x0000000000000001                . = ASSERT (((__init_rodata_start__ == __init_rodata_end__) || ((__init_rodata_end__ - __FLASH_segment_start__) <= __FLASH_segment_size__)), error: .init_rodata is too large to fit in FLASH memory segment)
                0x00000000000263d4                __text_load_start__ = ALIGN (__init_rodata_end__, 0x4)

.text           0x00000000000263d4     0x321a
                0x00000000000263d4                __text_start__ = .
 *(.text .text.* .glue_7t .glue_7 .gnu.linkonce.t.* .gcc_except_table .ARM.extab* .gnu.linkonce.armextab.*)
 .glue_7        0x00000000000263d4        0x0 linker stubs
 .glue_7t       0x00000000000263d4        0x0 linker stubs
 .text.nrf_log_backend_rtt_flush
                0x00000000000263d4        0x2 Output/scheduler_tutorial_pca10040_s132 Release/Obj/nrf_log_backend_rtt.o
 *fill*         0x00000000000263d6        0x2 
 .text.nrf_log_backend_rtt_put
                0x00000000000263d8       0x1c Output/scheduler_tutorial_pca10040_s132 Release/Obj/nrf_log_backend_rtt.o
 .text.serial_tx
                0x00000000000263f4       0x50 Output/scheduler_tutorial_pca10040_s132 Release/Obj/nrf_log_backend_rtt.o
 .text.nrf_log_backend_rtt_panic_set
                0x0000000000026444        0x2 Output/scheduler_tutorial_pca10040_s132 Release/Obj/nrf_log_backend_rtt.o
 .text.nrf_log_backend_rtt_init
                0x0000000000026446        0x4 Output/scheduler_tutorial_pca10040_s132 Release/Obj/nrf_log_backend_rtt.o
                0x0000000000026446                nrf_log_backend_rtt_init
 .text.nrf_log_backend_serial_put
                0x000000000002644a       0xc2 Output/scheduler_tutorial_pca10040_s132 Release/Obj/nrf_log_backend_serial.o
                0x000000000002644a                nrf_log_backend_serial_put
 .text.nrf_log_backend_uart_flush
                0x000000000002650c        0x2 Output/scheduler_tutorial_pca10040_s132 Release/Obj/nrf_log_backend_uart.o
 *fill*         0x000000000002650e        0x2 
 .text.nrf_log_backend_uart_put
                0x0000000000026510       0x1c Output/scheduler_tutorial_pca10040_s132 Release/Obj/nrf_log_backend_uart.o
 .text.uart_init.constprop.0
                0x000000000002652c       0x50 Output/scheduler_tutorial_pca10040_s132 Release/Obj/nrf_log_backend_uart.o
 .text.serial_tx
                0x000000000002657c       0x48 Output/scheduler_tutorial_pca10040_s132 Release/Obj/nrf_log_backend_uart.o
 .text.nrf_log_backend_uart_panic_set
                0x00000000000265c4       0x2c Output/scheduler_tutorial_pca10040_s132 Release/Obj/nrf_log_backend_uart.o
 .text.nrf_log_backend_uart_init
                0x00000000000265f0        0x4 Output/scheduler_tutorial_pca10040_s132 Release/Obj/nrf_log_backend_uart.o
                0x00000000000265f0                nrf_log_backend_uart_init
 .text.nrf_log_default_backends_init
                0x00000000000265f4       0x38 Output/scheduler_tutorial_pca10040_s132 Release/Obj/nrf_log_default_backends.o
                0x00000000000265f4                nrf_log_default_backends_init
 .text.invalid_packets_omit
                0x000000000002662c       0x3a Output/scheduler_tutorial_pca10040_s132 Release/Obj/nrf_log_frontend.o
 *fill*         0x0000000000026666        0x2 
 .text.buf_prealloc
                0x0000000000026668      0x138 Output/scheduler_tutorial_pca10040_s132 Release/Obj/nrf_log_frontend.o
 .text.nrf_log_init
                0x00000000000267a0       0x3c Output/scheduler_tutorial_pca10040_s132 Release/Obj/nrf_log_frontend.o
                0x00000000000267a0                nrf_log_init
 .text.nrf_log_module_name_get
                0x00000000000267dc       0x38 Output/scheduler_tutorial_pca10040_s132 Release/Obj/nrf_log_frontend.o
                0x00000000000267dc                nrf_log_module_name_get
 .text.nrf_log_color_id_get
                0x0000000000026814       0x2c Output/scheduler_tutorial_pca10040_s132 Release/Obj/nrf_log_frontend.o
                0x0000000000026814                nrf_log_color_id_get
 .text.buffer_is_empty
                0x0000000000026840       0x14 Output/scheduler_tutorial_pca10040_s132 Release/Obj/nrf_log_frontend.o
                0x0000000000026840                buffer_is_empty
 .text.nrf_log_frontend_dequeue
                0x0000000000026854      0x220 Output/scheduler_tutorial_pca10040_s132 Release/Obj/nrf_log_frontend.o
                0x0000000000026854                nrf_log_frontend_dequeue
 .text.std_n    0x0000000000026a74       0x98 Output/scheduler_tutorial_pca10040_s132 Release/Obj/nrf_log_frontend.o
 .text.nrf_log_frontend_std_0
                0x0000000000026b0c        0x8 Output/scheduler_tutorial_pca10040_s132 Release/Obj/nrf_log_frontend.o
                0x0000000000026b0c                nrf_log_frontend_std_0
 .text.nrf_log_backend_add
                0x0000000000026b14       0x44 Output/scheduler_tutorial_pca10040_s132 Release/Obj/nrf_log_frontend.o
                0x0000000000026b14                nrf_log_backend_add
 .text.nrf_log_panic
                0x0000000000026b58       0x2c Output/scheduler_tutorial_pca10040_s132 Release/Obj/nrf_log_frontend.o
                0x0000000000026b58                nrf_log_panic
 .text.postfix_process
                0x0000000000026b84       0x44 Output/scheduler_tutorial_pca10040_s132 Release/Obj/nrf_log_str_formatter.o
 .text.prefix_process
                0x0000000000026bc8       0x7c Output/scheduler_tutorial_pca10040_s132 Release/Obj/nrf_log_str_formatter.o
 .text.nrf_log_std_entry_process
                0x0000000000026c44       0xc8 Output/scheduler_tutorial_pca10040_s132 Release/Obj/nrf_log_str_formatter.o
                0x0000000000026c44                nrf_log_std_entry_process
 .text.nrf_log_hexdump_entry_process
                0x0000000000026d0c       0xb4 Output/scheduler_tutorial_pca10040_s132 Release/Obj/nrf_log_str_formatter.o
                0x0000000000026d0c                nrf_log_hexdump_entry_process
 .text.app_error_handler_bare
                0x0000000000026dc0       0x1a Output/scheduler_tutorial_pca10040_s132 Release/Obj/app_error.o
                0x0000000000026dc0                app_error_handler_bare
 *fill*         0x0000000000026dda        0x2 
 .text.app_error_fault_handler
                0x0000000000026ddc       0x70 Output/scheduler_tutorial_pca10040_s132 Release/Obj/app_error_weak.o
                0x0000000000026ddc                app_error_fault_handler
 .text.app_sched_init
                0x0000000000026e4c       0x48 Output/scheduler_tutorial_pca10040_s132 Release/Obj/app_scheduler.o
                0x0000000000026e4c                app_sched_init
 .text.app_sched_event_put
                0x0000000000026e94       0xcc Output/scheduler_tutorial_pca10040_s132 Release/Obj/app_scheduler.o
                0x0000000000026e94                app_sched_event_put
 .text.app_sched_execute
                0x0000000000026f60       0x60 Output/scheduler_tutorial_pca10040_s132 Release/Obj/app_scheduler.o
                0x0000000000026f60                app_sched_execute
 .text.user_op_alloc
                0x0000000000026fc0       0x2c Output/scheduler_tutorial_pca10040_s132 Release/Obj/app_timer.o
 .text.timeout_handler_scheduled_exec
                0x0000000000026fec       0x18 Output/scheduler_tutorial_pca10040_s132 Release/Obj/app_timer.o
 .text.timer_stop_op_schedule
                0x0000000000027004       0x50 Output/scheduler_tutorial_pca10040_s132 Release/Obj/app_timer.o
 .text.nrfx_coredep_delay_us.part.0.constprop.0
                0x0000000000027054       0x10 Output/scheduler_tutorial_pca10040_s132 Release/Obj/app_timer.o
 .text.rtc1_stop
                0x0000000000027064       0x44 Output/scheduler_tutorial_pca10040_s132 Release/Obj/app_timer.o
 .text.RTC1_IRQHandler
                0x00000000000270a8       0xbc Output/scheduler_tutorial_pca10040_s132 Release/Obj/app_timer.o
                0x00000000000270a8                RTC1_IRQHandler
 .text.SWI0_EGU0_IRQHandler
                0x0000000000027164      0x2bc Output/scheduler_tutorial_pca10040_s132 Release/Obj/app_timer.o
                0x0000000000027164                SWI0_EGU0_IRQHandler
 .text.app_timer_init
                0x0000000000027420       0x60 Output/scheduler_tutorial_pca10040_s132 Release/Obj/app_timer.o
                0x0000000000027420                app_timer_init
 .text.app_timer_create
                0x0000000000027480       0x24 Output/scheduler_tutorial_pca10040_s132 Release/Obj/app_timer.o
                0x0000000000027480                app_timer_create
 .text.app_timer_start
                0x00000000000274a4       0x90 Output/scheduler_tutorial_pca10040_s132 Release/Obj/app_timer.o
                0x00000000000274a4                app_timer_start
 .text.app_timer_stop
                0x0000000000027534       0x20 Output/scheduler_tutorial_pca10040_s132 Release/Obj/app_timer.o
                0x0000000000027534                app_timer_stop
 .text.app_util_critical_region_enter
                0x0000000000027554       0x48 Output/scheduler_tutorial_pca10040_s132 Release/Obj/app_util_platform.o
                0x0000000000027554                app_util_critical_region_enter
 .text.app_util_critical_region_exit
                0x000000000002759c       0x2c Output/scheduler_tutorial_pca10040_s132 Release/Obj/app_util_platform.o
                0x000000000002759c                app_util_critical_region_exit
 .text.current_int_priority_get
                0x00000000000275c8       0x38 Output/scheduler_tutorial_pca10040_s132 Release/Obj/app_util_platform.o
                0x00000000000275c8                current_int_priority_get
 .text.nrf_atomic_u32_fetch_store
                0x0000000000027600       0x16 Output/scheduler_tutorial_pca10040_s132 Release/Obj/nrf_atomic.o
                0x0000000000027600                nrf_atomic_u32_fetch_store
 .text.nrf_atomic_u32_or
                0x0000000000027616       0x18 Output/scheduler_tutorial_pca10040_s132 Release/Obj/nrf_atomic.o
                0x0000000000027616                nrf_atomic_u32_or
 .text.nrf_atomic_u32_fetch_and
                0x000000000002762e       0x18 Output/scheduler_tutorial_pca10040_s132 Release/Obj/nrf_atomic.o
                0x000000000002762e                nrf_atomic_u32_fetch_and
 .text.nrf_atomic_u32_add
                0x0000000000027646       0x18 Output/scheduler_tutorial_pca10040_s132 Release/Obj/nrf_atomic.o
                0x0000000000027646                nrf_atomic_u32_add
 .text.nrf_atomic_u32_sub
                0x000000000002765e       0x18 Output/scheduler_tutorial_pca10040_s132 Release/Obj/nrf_atomic.o
                0x000000000002765e                nrf_atomic_u32_sub
 .text.nrf_atomic_flag_set
                0x0000000000027676        0x6 Output/scheduler_tutorial_pca10040_s132 Release/Obj/nrf_atomic.o
                0x0000000000027676                nrf_atomic_flag_set
 .text.nrf_atomic_flag_clear_fetch
                0x000000000002767c        0x6 Output/scheduler_tutorial_pca10040_s132 Release/Obj/nrf_atomic.o
                0x000000000002767c                nrf_atomic_flag_clear_fetch
 .text.nrf_balloc_init
                0x0000000000027682       0x2e Output/scheduler_tutorial_pca10040_s132 Release/Obj/nrf_balloc.o
                0x0000000000027682                nrf_balloc_init
 .text.nrf_balloc_alloc
                0x00000000000276b0       0x48 Output/scheduler_tutorial_pca10040_s132 Release/Obj/nrf_balloc.o
                0x00000000000276b0                nrf_balloc_alloc
 .text.nrf_balloc_free
                0x00000000000276f8       0x34 Output/scheduler_tutorial_pca10040_s132 Release/Obj/nrf_balloc.o
                0x00000000000276f8                nrf_balloc_free
 .text.nrf_fprintf_buffer_flush
                0x000000000002772c       0x16 Output/scheduler_tutorial_pca10040_s132 Release/Obj/nrf_fprintf.o
                0x000000000002772c                nrf_fprintf_buffer_flush
 .text.nrf_fprintf
                0x0000000000027742       0x1c Output/scheduler_tutorial_pca10040_s132 Release/Obj/nrf_fprintf.o
                0x0000000000027742                nrf_fprintf
 .text.buffer_add
                0x000000000002775e       0x1e Output/scheduler_tutorial_pca10040_s132 Release/Obj/nrf_fprintf_format.o
 .text.unsigned_print
                0x000000000002777c       0xb4 Output/scheduler_tutorial_pca10040_s132 Release/Obj/nrf_fprintf_format.o
 .text.nrf_fprintf_fmt
                0x0000000000027830      0x29c Output/scheduler_tutorial_pca10040_s132 Release/Obj/nrf_fprintf_format.o
                0x0000000000027830                nrf_fprintf_fmt
 .text.memobj_op
                0x0000000000027acc       0x86 Output/scheduler_tutorial_pca10040_s132 Release/Obj/nrf_memobj.o
 .text.nrf_memobj_pool_init
                0x0000000000027b52        0x4 Output/scheduler_tutorial_pca10040_s132 Release/Obj/nrf_memobj.o
                0x0000000000027b52                nrf_memobj_pool_init
 .text.nrf_memobj_free
                0x0000000000027b56       0x2c Output/scheduler_tutorial_pca10040_s132 Release/Obj/nrf_memobj.o
                0x0000000000027b56                nrf_memobj_free
 .text.nrf_memobj_alloc
                0x0000000000027b82       0x5e Output/scheduler_tutorial_pca10040_s132 Release/Obj/nrf_memobj.o
                0x0000000000027b82                nrf_memobj_alloc
 .text.nrf_memobj_get
                0x0000000000027be0        0x8 Output/scheduler_tutorial_pca10040_s132 Release/Obj/nrf_memobj.o
                0x0000000000027be0                nrf_memobj_get
 .text.nrf_memobj_put
                0x0000000000027be8       0x1e Output/scheduler_tutorial_pca10040_s132 Release/Obj/nrf_memobj.o
                0x0000000000027be8                nrf_memobj_put
 .text.nrf_memobj_write
                0x0000000000027c06       0x14 Output/scheduler_tutorial_pca10040_s132 Release/Obj/nrf_memobj.o
                0x0000000000027c06                nrf_memobj_write
 .text.nrf_memobj_read
                0x0000000000027c1a       0x14 Output/scheduler_tutorial_pca10040_s132 Release/Obj/nrf_memobj.o
                0x0000000000027c1a                nrf_memobj_read
 .text.nrf_ringbuf_init
                0x0000000000027c2e       0x12 Output/scheduler_tutorial_pca10040_s132 Release/Obj/nrf_ringbuf.o
                0x0000000000027c2e                nrf_ringbuf_init
 .text.nrf_section_iter_init
                0x0000000000027c40       0x14 Output/scheduler_tutorial_pca10040_s132 Release/Obj/nrf_section_iter.o
                0x0000000000027c40                nrf_section_iter_init
 .text.nrf_section_iter_next
                0x0000000000027c54       0x18 Output/scheduler_tutorial_pca10040_s132 Release/Obj/nrf_section_iter.o
                0x0000000000027c54                nrf_section_iter_next
 .text.errata_12
                0x0000000000027c6c       0x40 Output/scheduler_tutorial_pca10040_s132 Release/Obj/system_nrf52.o
 .text.errata_16
                0x0000000000027cac       0x34 Output/scheduler_tutorial_pca10040_s132 Release/Obj/system_nrf52.o
 .text.SystemInit
                0x0000000000027ce0      0x25c Output/scheduler_tutorial_pca10040_s132 Release/Obj/system_nrf52.o
                0x0000000000027ce0                SystemInit
 .text.clock_clk_started_notify
                0x0000000000027f3c       0x24 Output/scheduler_tutorial_pca10040_s132 Release/Obj/nrf_drv_clock.o
 .text.clock_irq_handler
                0x0000000000027f60       0x1c Output/scheduler_tutorial_pca10040_s132 Release/Obj/nrf_drv_clock.o
 .text.soc_evt_handler
                0x0000000000027f7c       0x14 Output/scheduler_tutorial_pca10040_s132 Release/Obj/nrf_drv_clock.o
 .text.nrf_drv_clock_init
                0x0000000000027f90       0x38 Output/scheduler_tutorial_pca10040_s132 Release/Obj/nrf_drv_clock.o
                0x0000000000027f90                nrf_drv_clock_init
 .text.nrf_drv_clock_lfclk_request
                0x0000000000027fc8       0x68 Output/scheduler_tutorial_pca10040_s132 Release/Obj/nrf_drv_clock.o
                0x0000000000027fc8                nrf_drv_clock_lfclk_request
 .text.nrf_drv_clock_lfclk_release
                0x0000000000028030       0x34 Output/scheduler_tutorial_pca10040_s132 Release/Obj/nrf_drv_clock.o
                0x0000000000028030                nrf_drv_clock_lfclk_release
 .text.sd_state_evt_handler
                0x0000000000028064       0x58 Output/scheduler_tutorial_pca10040_s132 Release/Obj/nrf_drv_clock.o
 .text.uarte_evt_handler
                0x00000000000280bc       0x34 Output/scheduler_tutorial_pca10040_s132 Release/Obj/nrf_drv_uart.o
 .text.uart_evt_handler
                0x00000000000280f0       0x34 Output/scheduler_tutorial_pca10040_s132 Release/Obj/nrf_drv_uart.o
 .text.nrf_drv_uart_init
                0x0000000000028124       0x7c Output/scheduler_tutorial_pca10040_s132 Release/Obj/nrf_drv_uart.o
                0x0000000000028124                nrf_drv_uart_init
 .text.nrf_clock_event_clear
                0x00000000000281a0       0x14 Output/scheduler_tutorial_pca10040_s132 Release/Obj/nrfx_clock.o
 .text.nrfx_clock_init
                0x00000000000281b4       0x18 Output/scheduler_tutorial_pca10040_s132 Release/Obj/nrfx_clock.o
                0x00000000000281b4                nrfx_clock_init
 .text.nrfx_clock_enable
                0x00000000000281cc       0x28 Output/scheduler_tutorial_pca10040_s132 Release/Obj/nrfx_clock.o
                0x00000000000281cc                nrfx_clock_enable
 .text.nrfx_clock_lfclk_start
                0x00000000000281f4       0x4c Output/scheduler_tutorial_pca10040_s132 Release/Obj/nrfx_clock.o
                0x00000000000281f4                nrfx_clock_lfclk_start
 .text.nrfx_clock_lfclk_stop
                0x0000000000028240       0x18 Output/scheduler_tutorial_pca10040_s132 Release/Obj/nrfx_clock.o
                0x0000000000028240                nrfx_clock_lfclk_stop
 .text.POWER_CLOCK_IRQHandler
                0x0000000000028258       0x58 Output/scheduler_tutorial_pca10040_s132 Release/Obj/nrfx_clock.o
                0x0000000000028258                POWER_CLOCK_IRQHandler
 .text.nrf_gpiote_event_clear
                0x00000000000282b0       0x18 Output/scheduler_tutorial_pca10040_s132 Release/Obj/nrfx_gpiote.o
 .text.nrf_gpio_cfg_sense_set
                0x00000000000282c8       0x20 Output/scheduler_tutorial_pca10040_s132 Release/Obj/nrfx_gpiote.o
 .text.channel_free
                0x00000000000282e8       0x1c Output/scheduler_tutorial_pca10040_s132 Release/Obj/nrfx_gpiote.o
 .text.nrfx_gpiote_init
                0x0000000000028304       0x74 Output/scheduler_tutorial_pca10040_s132 Release/Obj/nrfx_gpiote.o
                0x0000000000028304                nrfx_gpiote_init
 .text.nrfx_gpiote_out_init
                0x0000000000028378       0xc4 Output/scheduler_tutorial_pca10040_s132 Release/Obj/nrfx_gpiote.o
                0x0000000000028378                nrfx_gpiote_out_init
 .text.nrfx_gpiote_out_set
                0x000000000002843c       0x10 Output/scheduler_tutorial_pca10040_s132 Release/Obj/nrfx_gpiote.o
                0x000000000002843c                nrfx_gpiote_out_set
 .text.nrfx_gpiote_out_toggle
                0x000000000002844c       0x1e Output/scheduler_tutorial_pca10040_s132 Release/Obj/nrfx_gpiote.o
                0x000000000002844c                nrfx_gpiote_out_toggle
 *fill*         0x000000000002846a        0x2 
 .text.nrfx_gpiote_in_init
                0x000000000002846c       0xe4 Output/scheduler_tutorial_pca10040_s132 Release/Obj/nrfx_gpiote.o
                0x000000000002846c                nrfx_gpiote_in_init
 .text.nrfx_gpiote_in_event_enable
                0x0000000000028550       0x88 Output/scheduler_tutorial_pca10040_s132 Release/Obj/nrfx_gpiote.o
                0x0000000000028550                nrfx_gpiote_in_event_enable
 .text.GPIOTE_IRQHandler
                0x00000000000285d8      0x170 Output/scheduler_tutorial_pca10040_s132 Release/Obj/nrfx_gpiote.o
                0x00000000000285d8                GPIOTE_IRQHandler
 .text.UARTE0_UART0_IRQHandler
                0x0000000000028748        0xc Output/scheduler_tutorial_pca10040_s132 Release/Obj/nrfx_prs.o
                0x0000000000028748                UARTE0_UART0_IRQHandler
 .text.nrfx_prs_acquire
                0x0000000000028754       0x44 Output/scheduler_tutorial_pca10040_s132 Release/Obj/nrfx_prs.o
                0x0000000000028754                nrfx_prs_acquire
 .text.nrfx_prs_release
                0x0000000000028798       0x18 Output/scheduler_tutorial_pca10040_s132 Release/Obj/nrfx_prs.o
                0x0000000000028798                nrfx_prs_release
 .text.nrf_uart_event_clear
                0x00000000000287b0       0x10 Output/scheduler_tutorial_pca10040_s132 Release/Obj/nrfx_uart.o
 .text.tx_byte  0x00000000000287c0       0x1e Output/scheduler_tutorial_pca10040_s132 Release/Obj/nrfx_uart.o
 .text.rx_byte  0x00000000000287de       0x2c Output/scheduler_tutorial_pca10040_s132 Release/Obj/nrfx_uart.o
 *fill*         0x000000000002880a        0x2 
 .text.rx_done_event.constprop.0
                0x000000000002880c       0x20 Output/scheduler_tutorial_pca10040_s132 Release/Obj/nrfx_uart.o
 .text.nrfx_uart_0_irq_handler
                0x000000000002882c      0x138 Output/scheduler_tutorial_pca10040_s132 Release/Obj/nrfx_uart.o
                0x000000000002882c                nrfx_uart_0_irq_handler
 .text.nrfx_uart_init
                0x0000000000028964      0x180 Output/scheduler_tutorial_pca10040_s132 Release/Obj/nrfx_uart.o
                0x0000000000028964                nrfx_uart_init
 .text.nrfx_uart_uninit
                0x0000000000028ae4       0xc4 Output/scheduler_tutorial_pca10040_s132 Release/Obj/nrfx_uart.o
                0x0000000000028ae4                nrfx_uart_uninit
 .text.nrfx_uart_tx
                0x0000000000028ba8       0x8c Output/scheduler_tutorial_pca10040_s132 Release/Obj/nrfx_uart.o
                0x0000000000028ba8                nrfx_uart_tx
 .text.nrf_uarte_event_clear
                0x0000000000028c34       0x10 Output/scheduler_tutorial_pca10040_s132 Release/Obj/nrfx_uarte.o
 .text.rx_done_event.constprop.0
                0x0000000000028c44       0x24 Output/scheduler_tutorial_pca10040_s132 Release/Obj/nrfx_uarte.o
 .text.nrfx_uarte_0_irq_handler
                0x0000000000028c68       0xe8 Output/scheduler_tutorial_pca10040_s132 Release/Obj/nrfx_uarte.o
                0x0000000000028c68                nrfx_uarte_0_irq_handler
 .text.nrfx_uarte_init
                0x0000000000028d50      0x190 Output/scheduler_tutorial_pca10040_s132 Release/Obj/nrfx_uarte.o
                0x0000000000028d50                nrfx_uarte_init
 .text.nrfx_uarte_uninit
                0x0000000000028ee0       0xc4 Output/scheduler_tutorial_pca10040_s132 Release/Obj/nrfx_uarte.o
                0x0000000000028ee0                nrfx_uarte_uninit
 .text.nrfx_uarte_tx
                0x0000000000028fa4       0x84 Output/scheduler_tutorial_pca10040_s132 Release/Obj/nrfx_uarte.o
                0x0000000000028fa4                nrfx_uarte_tx
 .text.button_scheduler_event_handler
                0x0000000000029028       0x7c Output/scheduler_tutorial_pca10040_s132 Release/Obj/main.o
                0x0000000000029028                button_scheduler_event_handler
 .text.gpiote_event_handler
                0x00000000000290a4       0x1c Output/scheduler_tutorial_pca10040_s132 Release/Obj/main.o
 .text.timer_handler
                0x00000000000290c0       0x3c Output/scheduler_tutorial_pca10040_s132 Release/Obj/main.o
 .text.startup.main
                0x00000000000290fc       0xf0 Output/scheduler_tutorial_pca10040_s132 Release/Obj/main.o
                0x00000000000290fc                main
 .text._GetAvailWriteSpace
                0x00000000000291ec       0x1c Output/scheduler_tutorial_pca10040_s132 Release/Obj/SEGGER_RTT.o
 .text._WriteNoCheck
                0x0000000000029208       0x38 Output/scheduler_tutorial_pca10040_s132 Release/Obj/SEGGER_RTT.o
 .text._WriteBlocking
                0x0000000000029240       0x52 Output/scheduler_tutorial_pca10040_s132 Release/Obj/SEGGER_RTT.o
 *fill*         0x0000000000029292        0x2 
 .text._DoInit  0x0000000000029294       0x60 Output/scheduler_tutorial_pca10040_s132 Release/Obj/SEGGER_RTT.o
 .text.SEGGER_RTT_WriteNoLock
                0x00000000000292f4       0x68 Output/scheduler_tutorial_pca10040_s132 Release/Obj/SEGGER_RTT.o
                0x00000000000292f4                SEGGER_RTT_WriteNoLock
 .text.SEGGER_RTT_Init
                0x000000000002935c        0x4 Output/scheduler_tutorial_pca10040_s132 Release/Obj/SEGGER_RTT.o
                0x000000000002935c                SEGGER_RTT_Init
 .text.nrf_sdh_is_enabled
                0x0000000000029360        0xc Output/scheduler_tutorial_pca10040_s132 Release/Obj/nrf_sdh.o
                0x0000000000029360                nrf_sdh_is_enabled
 .text.nrf_sdh_evts_poll
                0x000000000002936c       0x28 Output/scheduler_tutorial_pca10040_s132 Release/Obj/nrf_sdh.o
                0x000000000002936c                nrf_sdh_evts_poll
 .text.SWI2_EGU2_IRQHandler
                0x0000000000029394        0x4 Output/scheduler_tutorial_pca10040_s132 Release/Obj/nrf_sdh.o
                0x0000000000029394                SWI2_EGU2_IRQHandler
 .text.sd_evt_get
                0x0000000000029398        0x4 Output/scheduler_tutorial_pca10040_s132 Release/Obj/nrf_sdh_soc.o
 .text.nrf_sdh_soc_evts_poll
                0x000000000002939c       0x3c Output/scheduler_tutorial_pca10040_s132 Release/Obj/nrf_sdh_soc.o
 .text.libc.__RAL_ascii_isctype
                0x00000000000293d8       0x1c C:/Program Files/SEGGER/SEGGER Embedded Studio for ARM 4.50/lib/libc_v7em_fpv4_sp_d16_hard_t_le_eabi.a(libc2.o)
 .text.libc.__RAL_ascii_toupper
                0x00000000000293f4        0xc C:/Program Files/SEGGER/SEGGER Embedded Studio for ARM 4.50/lib/libc_v7em_fpv4_sp_d16_hard_t_le_eabi.a(libc2.o)
 .text.libc.__RAL_ascii_tolower
                0x0000000000029400        0xc C:/Program Files/SEGGER/SEGGER Embedded Studio for ARM 4.50/lib/libc_v7em_fpv4_sp_d16_hard_t_le_eabi.a(libc2.o)
 .text.libc.__RAL_ascii_iswctype
                0x000000000002940c       0x1c C:/Program Files/SEGGER/SEGGER Embedded Studio for ARM 4.50/lib/libc_v7em_fpv4_sp_d16_hard_t_le_eabi.a(libc2.o)
 .text.libc.__RAL_ascii_towupper
                0x0000000000029428        0xc C:/Program Files/SEGGER/SEGGER Embedded Studio for ARM 4.50/lib/libc_v7em_fpv4_sp_d16_hard_t_le_eabi.a(libc2.o)
 .text.libc.__RAL_ascii_towlower
                0x0000000000029434        0xc C:/Program Files/SEGGER/SEGGER Embedded Studio for ARM 4.50/lib/libc_v7em_fpv4_sp_d16_hard_t_le_eabi.a(libc2.o)
 .text.libc.__RAL_ascii_wctomb
                0x0000000000029440        0xe C:/Program Files/SEGGER/SEGGER Embedded Studio for ARM 4.50/lib/libc_v7em_fpv4_sp_d16_hard_t_le_eabi.a(libc2.o)
                0x0000000000029440                __RAL_ascii_wctomb
 .text.libc.__RAL_ascii_mbtowc
                0x000000000002944e       0x24 C:/Program Files/SEGGER/SEGGER Embedded Studio for ARM 4.50/lib/libc_v7em_fpv4_sp_d16_hard_t_le_eabi.a(libc2.o)
                0x000000000002944e                __RAL_ascii_mbtowc
 *fill*         0x0000000000029472        0x2 
 .text.libc.__RAL_isctype
                0x0000000000029474       0x14 C:/Program Files/SEGGER/SEGGER Embedded Studio for ARM 4.50/lib/libc_v7em_fpv4_sp_d16_hard_t_le_eabi.a(libc2.o)
                0x0000000000029474                __RAL_isctype
 .text.libc.isprint
                0x0000000000029488        0xa C:/Program Files/SEGGER/SEGGER Embedded Studio for ARM 4.50/lib/libc_v7em_fpv4_sp_d16_hard_t_le_eabi.a(libc2.o)
                0x0000000000029488                isprint
 .text.libc.memcpy
                0x0000000000029492       0x52 C:/Program Files/SEGGER/SEGGER Embedded Studio for ARM 4.50/lib/libc_v7em_fpv4_sp_d16_hard_t_le_eabi.a(libc2_asm.o)
                0x0000000000029492                __aeabi_memcpy
                0x0000000000029492                memcpy
                0x000000000002949e                __aeabi_memcpy8
                0x000000000002949e                __aeabi_memcpy4
 .text.libc.memset
                0x00000000000294e4       0x66 C:/Program Files/SEGGER/SEGGER Embedded Studio for ARM 4.50/lib/libc_v7em_fpv4_sp_d16_hard_t_le_eabi.a(libc2_asm.o)
                0x00000000000294e4                memset
 .text.libc.strcpy
                0x000000000002954a       0x44 C:/Program Files/SEGGER/SEGGER Embedded Studio for ARM 4.50/lib/libc_v7em_fpv4_sp_d16_hard_t_le_eabi.a(libc2_asm.o)
                0x000000000002954a                strcpy
 .text.libc.strlen
                0x000000000002958e       0x60 C:/Program Files/SEGGER/SEGGER Embedded Studio for ARM 4.50/lib/libc_v7em_fpv4_sp_d16_hard_t_le_eabi.a(libc2_asm.o)
                0x000000000002958e                strlen
                0x00000000000295ee                __text_end__ = (__text_start__ + SIZEOF (.text))
                0x000000000000321a                __text_size__ = SIZEOF (.text)
                0x00000000000295ee                __text_load_end__ = __text_end__

.vfp11_veneer   0x0000000100000000        0x0
 .vfp11_veneer  0x0000000100000000        0x0 linker stubs

.v4_bx          0x0000000100000000        0x0
 .v4_bx         0x0000000100000000        0x0 linker stubs

.iplt           0x0000000100000000        0x0
 .iplt          0x0000000100000000        0x0 Output/scheduler_tutorial_pca10040_s132 Release/Obj/thumb_crt0.o
                0x0000000000000001                . = ASSERT (((__text_start__ == __text_end__) || ((__text_end__ - __FLASH_segment_start__) <= __FLASH_segment_size__)), error: .text is too large to fit in FLASH memory segment)
                0x00000000000295f0                __sdh_soc_observers_load_start__ = ALIGN (__text_end__, 0x4)

.sdh_soc_observers
                0x00000000000295f0        0x8
                0x00000000000295f0                __sdh_soc_observers_start__ = .
                0x00000000000295f0                __start_sdh_soc_observers = __sdh_soc_observers_start__
 *(SORT_BY_NAME(.sdh_soc_observers*))
 .sdh_soc_observers0
                0x00000000000295f0        0x8 Output/scheduler_tutorial_pca10040_s132 Release/Obj/nrf_drv_clock.o
                0x00000000000295f8                __sdh_soc_observers_end__ = (__sdh_soc_observers_start__ + SIZEOF (.sdh_soc_observers))
                0x0000000000000008                __sdh_soc_observers_size__ = SIZEOF (.sdh_soc_observers)
                0x00000000000295f8                __stop_sdh_soc_observers = __sdh_soc_observers_end__
                0x00000000000295f8                __sdh_soc_observers_load_end__ = __sdh_soc_observers_end__
                0x0000000000000001                . = ASSERT (((__sdh_soc_observers_start__ == __sdh_soc_observers_end__) || ((__sdh_soc_observers_end__ - __FLASH_segment_start__) <= __FLASH_segment_size__)), error: .sdh_soc_observers is too large to fit in FLASH memory segment)
                0x00000000000295f8                __sdh_stack_observers_load_start__ = ALIGN (__sdh_soc_observers_end__, 0x4)

.sdh_stack_observers
                0x00000000000295f8        0x8
                0x00000000000295f8                __sdh_stack_observers_start__ = .
                0x00000000000295f8                __start_sdh_stack_observers = __sdh_stack_observers_start__
 *(SORT_BY_NAME(.sdh_stack_observers*))
 .sdh_stack_observers0
                0x00000000000295f8        0x8 Output/scheduler_tutorial_pca10040_s132 Release/Obj/nrf_sdh_soc.o
                0x0000000000029600                __sdh_stack_observers_end__ = (__sdh_stack_observers_start__ + SIZEOF (.sdh_stack_observers))
                0x0000000000000008                __sdh_stack_observers_size__ = SIZEOF (.sdh_stack_observers)
                0x0000000000029600                __stop_sdh_stack_observers = __sdh_stack_observers_end__
                0x0000000000029600                __sdh_stack_observers_load_end__ = __sdh_stack_observers_end__
                0x0000000000000001                . = ASSERT (((__sdh_stack_observers_start__ == __sdh_stack_observers_end__) || ((__sdh_stack_observers_end__ - __FLASH_segment_start__) <= __FLASH_segment_size__)), error: .sdh_stack_observers is too large to fit in FLASH memory segment)
                0x0000000000029600                __sdh_state_observers_load_start__ = ALIGN (__sdh_stack_observers_end__, 0x4)

.sdh_state_observers
                0x0000000000029600        0x8
                0x0000000000029600                __sdh_state_observers_start__ = .
                0x0000000000029600                __start_sdh_state_observers = __sdh_state_observers_start__
 *(SORT_BY_NAME(.sdh_state_observers*))
 .sdh_state_observers0
                0x0000000000029600        0x8 Output/scheduler_tutorial_pca10040_s132 Release/Obj/nrf_drv_clock.o
                0x0000000000029608                __sdh_state_observers_end__ = (__sdh_state_observers_start__ + SIZEOF (.sdh_state_observers))
                0x0000000000000008                __sdh_state_observers_size__ = SIZEOF (.sdh_state_observers)
                0x0000000000029608                __stop_sdh_state_observers = __sdh_state_observers_end__
                0x0000000000029608                __sdh_state_observers_load_end__ = __sdh_state_observers_end__
                0x0000000000000001                . = ASSERT (((__sdh_state_observers_start__ == __sdh_state_observers_end__) || ((__sdh_state_observers_end__ - __FLASH_segment_start__) <= __FLASH_segment_size__)), error: .sdh_state_observers is too large to fit in FLASH memory segment)
                0x0000000000029608                __sdh_req_observers_load_start__ = ALIGN (__sdh_state_observers_end__, 0x4)

.sdh_req_observers
                0x0000000000029608        0x0
                0x0000000000029608                __sdh_req_observers_start__ = .
                0x0000000000029608                __start_sdh_req_observers = __sdh_req_observers_start__
 *(SORT_BY_NAME(.sdh_req_observers*))
                0x0000000000029608                __sdh_req_observers_end__ = (__sdh_req_observers_start__ + SIZEOF (.sdh_req_observers))
                0x0000000000000000                __sdh_req_observers_size__ = SIZEOF (.sdh_req_observers)
                0x0000000000029608                __stop_sdh_req_observers = __sdh_req_observers_end__
                0x0000000000029608                __sdh_req_observers_load_end__ = __sdh_req_observers_end__
                0x0000000000000001                . = ASSERT (((__sdh_req_observers_start__ == __sdh_req_observers_end__) || ((__sdh_req_observers_end__ - __FLASH_segment_start__) <= __FLASH_segment_size__)), error: .sdh_req_observers is too large to fit in FLASH memory segment)
                0x0000000000029608                __log_const_data_load_start__ = ALIGN (__sdh_req_observers_end__, 0x4)

.log_const_data
                0x0000000000029608       0x48
                0x0000000000029608                __log_const_data_start__ = .
                0x0000000000029608                __start_log_const_data = __log_const_data_start__
 *(SORT_BY_NAME(.log_const_data*))
 .log_const_data_CLOCK
                0x0000000000029608        0x8 Output/scheduler_tutorial_pca10040_s132 Release/Obj/nrfx_clock.o
                0x0000000000029608                m_nrf_log_CLOCK_logs_data_const
 .log_const_data_GPIOTE
                0x0000000000029610        0x8 Output/scheduler_tutorial_pca10040_s132 Release/Obj/nrfx_gpiote.o
                0x0000000000029610                m_nrf_log_GPIOTE_logs_data_const
 .log_const_data_PRS
                0x0000000000029618        0x8 Output/scheduler_tutorial_pca10040_s132 Release/Obj/nrfx_prs.o
                0x0000000000029618                m_nrf_log_PRS_logs_data_const
 .log_const_data_UART
                0x0000000000029620        0x8 Output/scheduler_tutorial_pca10040_s132 Release/Obj/nrfx_uart.o
                0x0000000000029620                m_nrf_log_UART_logs_data_const
 .log_const_data_UARTE
                0x0000000000029628        0x8 Output/scheduler_tutorial_pca10040_s132 Release/Obj/nrfx_uarte.o
                0x0000000000029628                m_nrf_log_UARTE_logs_data_const
 .log_const_data_app
                0x0000000000029630        0x8 Output/scheduler_tutorial_pca10040_s132 Release/Obj/nrf_log_frontend.o
                0x0000000000029630                m_nrf_log_app_logs_data_const
 .log_const_data_clock
                0x0000000000029638        0x8 Output/scheduler_tutorial_pca10040_s132 Release/Obj/nrf_drv_clock.o
                0x0000000000029638                m_nrf_log_clock_logs_data_const
 .log_const_data_nrf_sdh
                0x0000000000029640        0x8 Output/scheduler_tutorial_pca10040_s132 Release/Obj/nrf_sdh.o
                0x0000000000029640                m_nrf_log_nrf_sdh_logs_data_const
 .log_const_data_nrf_sdh_soc
                0x0000000000029648        0x8 Output/scheduler_tutorial_pca10040_s132 Release/Obj/nrf_sdh_soc.o
                0x0000000000029648                m_nrf_log_nrf_sdh_soc_logs_data_const
                0x0000000000029650                __log_const_data_end__ = (__log_const_data_start__ + SIZEOF (.log_const_data))
                0x0000000000000048                __log_const_data_size__ = SIZEOF (.log_const_data)
                0x0000000000029650                __stop_log_const_data = __log_const_data_end__
                0x0000000000029650                __log_const_data_load_end__ = __log_const_data_end__
                0x0000000000000001                . = ASSERT (((__log_const_data_start__ == __log_const_data_end__) || ((__log_const_data_end__ - __FLASH_segment_start__) <= __FLASH_segment_size__)), error: .log_const_data is too large to fit in FLASH memory segment)
                0x0000000000029650                __log_backends_load_start__ = ALIGN (__log_const_data_end__, 0x4)

.log_backends   0x0000000000029650       0x20
                0x0000000000029650                __log_backends_start__ = .
                0x0000000000029650                __start_log_backends = __log_backends_start__
 *(SORT_BY_NAME(.log_backends*))
 .log_backends  0x0000000000029650       0x20 Output/scheduler_tutorial_pca10040_s132 Release/Obj/nrf_log_default_backends.o
                0x0000000000029670                __log_backends_end__ = (__log_backends_start__ + SIZEOF (.log_backends))
                0x0000000000000020                __log_backends_size__ = SIZEOF (.log_backends)
                0x0000000000029670                __stop_log_backends = __log_backends_end__
                0x0000000000029670                __log_backends_load_end__ = __log_backends_end__
                0x0000000000000001                . = ASSERT (((__log_backends_start__ == __log_backends_end__) || ((__log_backends_end__ - __FLASH_segment_start__) <= __FLASH_segment_size__)), error: .log_backends is too large to fit in FLASH memory segment)
                0x0000000000029670                __nrf_balloc_load_start__ = ALIGN (__log_backends_end__, 0x4)

.nrf_balloc     0x0000000000029670       0x14
                0x0000000000029670                __nrf_balloc_start__ = .
                0x0000000000029670                __start_nrf_balloc = __nrf_balloc_start__
 *(.nrf_balloc*)
 .nrf_balloc    0x0000000000029670       0x14 Output/scheduler_tutorial_pca10040_s132 Release/Obj/nrf_log_frontend.o
                0x0000000000029670                log_mempool
                0x0000000000029684                __nrf_balloc_end__ = (__nrf_balloc_start__ + SIZEOF (.nrf_balloc))
                0x0000000000000014                __nrf_balloc_size__ = SIZEOF (.nrf_balloc)
                0x0000000000029684                __stop_nrf_balloc = __nrf_balloc_end__
                0x0000000000029684                __nrf_balloc_load_end__ = __nrf_balloc_end__
                0x0000000000000001                . = ASSERT (((__nrf_balloc_start__ == __nrf_balloc_end__) || ((__nrf_balloc_end__ - __FLASH_segment_start__) <= __FLASH_segment_size__)), error: .nrf_balloc is too large to fit in FLASH memory segment)
                0x0000000000029684                __nrf_sections_load_start__ = ALIGN (__nrf_balloc_end__, 0x4)

.nrf_sections   0x0000000000029684        0x0
                0x0000000000029684                __nrf_sections_start__ = .
                0x0000000000029684                __start_nrf_sections = __nrf_sections_start__
 *(.nrf_sections .nrf_sections.*)
                0x0000000000029684                __nrf_sections_end__ = (__nrf_sections_start__ + SIZEOF (.nrf_sections))
                0x0000000000000000                __nrf_sections_size__ = SIZEOF (.nrf_sections)
                0x0000000000029684                __nrf_sections_load_end__ = __nrf_sections_end__
                0x0000000000000001                . = ASSERT (((__nrf_sections_start__ == __nrf_sections_end__) || ((__nrf_sections_end__ - __FLASH_segment_start__) <= __FLASH_segment_size__)), error: .nrf_sections is too large to fit in FLASH memory segment)
                0x0000000000029684                __log_dynamic_data_load_start__ = ALIGN (__nrf_sections_end__, 0x4)

.log_dynamic_data
                0x00000000200057b8        0x0 load address 0x0000000000029684
                0x00000000200057b8                __log_dynamic_data_start__ = .
 *(SORT_BY_NAME(.log_dynamic_data*))
                0x00000000200057b8                __log_dynamic_data_end__ = (__log_dynamic_data_start__ + SIZEOF (.log_dynamic_data))
                0x0000000000000000                __log_dynamic_data_size__ = SIZEOF (.log_dynamic_data)
                0x0000000000029684                __log_dynamic_data_load_end__ = (__log_dynamic_data_load_start__ + SIZEOF (.log_dynamic_data))
                0x0000000000000001                . = ASSERT (((__log_dynamic_data_load_start__ == __log_dynamic_data_load_end__) || ((__log_dynamic_data_load_end__ - __FLASH_segment_start__) <= __FLASH_segment_size__)), error: .log_dynamic_data is too large to fit in FLASH memory segment)

.log_dynamic_data_run
                0x00000000200057b8        0x0
                0x00000000200057b8                __log_dynamic_data_run_start__ = .
                0x00000000200057b8                __start_log_dynamic_data = __log_dynamic_data_run_start__
                0x00000000200057b8                . = MAX ((__log_dynamic_data_run_start__ + SIZEOF (.log_dynamic_data)), .)
                0x00000000200057b8                __log_dynamic_data_run_end__ = (__log_dynamic_data_run_start__ + SIZEOF (.log_dynamic_data_run))
                0x0000000000000000                __log_dynamic_data_run_size__ = SIZEOF (.log_dynamic_data_run)
                0x00000000200057b8                __stop_log_dynamic_data = __log_dynamic_data_run_end__
                0x00000000200057b8                __log_dynamic_data_run_load_end__ = __log_dynamic_data_run_end__
                0x0000000000000001                . = ASSERT (((__log_dynamic_data_run_start__ == __log_dynamic_data_run_end__) || ((__log_dynamic_data_run_end__ - __RAM_segment_start__) <= __RAM_segment_size__)), error: .log_dynamic_data_run is too large to fit in RAM memory segment)
                0x0000000000029684                __log_filter_data_load_start__ = ALIGN ((__log_dynamic_data_load_start__ + SIZEOF (.log_dynamic_data)), 0x4)

.log_filter_data
                0x00000000200057b8        0x0 load address 0x0000000000029684
                0x00000000200057b8                __log_filter_data_start__ = .
 *(SORT_BY_NAME(.log_filter_data*))
                0x00000000200057b8                __log_filter_data_end__ = (__log_filter_data_start__ + SIZEOF (.log_filter_data))
                0x0000000000000000                __log_filter_data_size__ = SIZEOF (.log_filter_data)
                0x0000000000029684                __log_filter_data_load_end__ = (__log_filter_data_load_start__ + SIZEOF (.log_filter_data))
                0x0000000000000001                . = ASSERT (((__log_filter_data_load_start__ == __log_filter_data_load_end__) || ((__log_filter_data_load_end__ - __FLASH_segment_start__) <= __FLASH_segment_size__)), error: .log_filter_data is too large to fit in FLASH memory segment)

.log_filter_data_run
                0x00000000200057b8        0x0
                0x00000000200057b8                __log_filter_data_run_start__ = .
                0x00000000200057b8                __start_log_filter_data = __log_filter_data_run_start__
                0x00000000200057b8                . = MAX ((__log_filter_data_run_start__ + SIZEOF (.log_filter_data)), .)
                0x00000000200057b8                __log_filter_data_run_end__ = (__log_filter_data_run_start__ + SIZEOF (.log_filter_data_run))
                0x0000000000000000                __log_filter_data_run_size__ = SIZEOF (.log_filter_data_run)
                0x00000000200057b8                __stop_log_filter_data = __log_filter_data_run_end__
                0x00000000200057b8                __log_filter_data_run_load_end__ = __log_filter_data_run_end__
                0x0000000000000001                . = ASSERT (((__log_filter_data_run_start__ == __log_filter_data_run_end__) || ((__log_filter_data_run_end__ - __RAM_segment_start__) <= __RAM_segment_size__)), error: .log_filter_data_run is too large to fit in RAM memory segment)
                0x00000000200057b8                __nrf_sections_run_end_load_start__ = ALIGN (__log_filter_data_run_end__, 0x4)

.nrf_sections_run_end
                0x00000000200057b8        0x0
                0x00000000200057b8                __nrf_sections_run_end_start__ = .
                0x00000000200057b8                __end_nrf_sections_run = __nrf_sections_run_end_start__
 *(.nrf_sections_run_end .nrf_sections_run_end.*)
                0x00000000200057b8                __nrf_sections_run_end_end__ = (__nrf_sections_run_end_start__ + SIZEOF (.nrf_sections_run_end))
                0x0000000000000000                __nrf_sections_run_end_size__ = SIZEOF (.nrf_sections_run_end)
                0x00000000200057b8                __nrf_sections_run_end_load_end__ = __nrf_sections_run_end_end__
                0x0000000000000001                . = ASSERT (((__nrf_sections_run_end_start__ == __nrf_sections_run_end_end__) || ((__nrf_sections_run_end_end__ - __RAM_segment_start__) <= __RAM_segment_size__)), error: .nrf_sections_run_end is too large to fit in RAM memory segment)
                0x0000000000029684                __dtors_load_start__ = ALIGN ((__log_filter_data_load_start__ + SIZEOF (.log_filter_data)), 0x4)

.dtors          0x0000000000029684        0x0
                0x0000000000029684                __dtors_start__ = .
 *(SORT_BY_NAME(.dtors.*))
 *(.dtors)
 *(.fini_array)
 *(SORT_BY_NAME(.fini_array.*))
                0x0000000000029684                __dtors_end__ = (__dtors_start__ + SIZEOF (.dtors))
                0x0000000000000000                __dtors_size__ = SIZEOF (.dtors)
                0x0000000000029684                __dtors_load_end__ = __dtors_end__
                0x0000000000000001                . = ASSERT (((__dtors_start__ == __dtors_end__) || ((__dtors_end__ - __FLASH_segment_start__) <= __FLASH_segment_size__)), error: .dtors is too large to fit in FLASH memory segment)
                0x0000000000029684                __ctors_load_start__ = ALIGN (__dtors_end__, 0x4)

.ctors          0x0000000000029684        0x0
                0x0000000000029684                __ctors_start__ = .
 *(SORT_BY_NAME(.ctors.*))
 *(.ctors)
 *(.init_array)
 *(SORT_BY_NAME(.init_array.*))
                0x0000000000029684                __ctors_end__ = (__ctors_start__ + SIZEOF (.ctors))
                0x0000000000000000                __ctors_size__ = SIZEOF (.ctors)
                0x0000000000029684                __ctors_load_end__ = __ctors_end__
                0x0000000000000001                . = ASSERT (((__ctors_start__ == __ctors_end__) || ((__ctors_end__ - __FLASH_segment_start__) <= __FLASH_segment_size__)), error: .ctors is too large to fit in FLASH memory segment)
                0x0000000000029684                __rodata_load_start__ = ALIGN (__ctors_end__, 0x4)

.rodata         0x0000000000029684      0x55a
                0x0000000000029684                __rodata_start__ = .
 *(.rodata .rodata.* .gnu.linkonce.r.*)
 *fill*         0x0000000000029684        0xc 
 .rodata.delay_bytecode.8600
                0x0000000000029690        0x6 Output/scheduler_tutorial_pca10040_s132 Release/Obj/nrf_log_backend_rtt.o
 *fill*         0x0000000000029696        0x2 
 .rodata.nrf_log_backend_rtt_api
                0x0000000000029698        0xc Output/scheduler_tutorial_pca10040_s132 Release/Obj/nrf_log_backend_rtt.o
                0x0000000000029698                nrf_log_backend_rtt_api
 .rodata        0x00000000000296a4       0x20 Output/scheduler_tutorial_pca10040_s132 Release/Obj/nrf_log_backend_uart.o
 .rodata.nrf_log_backend_uart_api
                0x00000000000296c4        0xc Output/scheduler_tutorial_pca10040_s132 Release/Obj/nrf_log_backend_uart.o
                0x00000000000296c4                nrf_log_backend_uart_api
 .rodata.str1.1
                0x00000000000296d0       0x21 Output/scheduler_tutorial_pca10040_s132 Release/Obj/nrf_log_default_backends.o
 .rodata.nrf_log_frontend_dequeue.str1.1
                0x00000000000296f1       0x11 Output/scheduler_tutorial_pca10040_s132 Release/Obj/nrf_log_frontend.o
 .rodata.str1.1
                0x0000000000029702        0x4 Output/scheduler_tutorial_pca10040_s132 Release/Obj/nrf_log_frontend.o
 *fill*         0x0000000000029706        0x2 
 .rodata.m_log_push_ringbuf
                0x0000000000029708        0xc Output/scheduler_tutorial_pca10040_s132 Release/Obj/nrf_log_frontend.o
 .rodata.postfix_process.str1.1
                0x0000000000029714        0x8 Output/scheduler_tutorial_pca10040_s132 Release/Obj/nrf_log_str_formatter.o
                                          0xb (size before relaxing)
 .rodata.prefix_process.str1.1
                0x000000000002971c       0x2a Output/scheduler_tutorial_pca10040_s132 Release/Obj/nrf_log_str_formatter.o
 .rodata.nrf_log_hexdump_entry_process.str1.1
                0x0000000000029746        0xf Output/scheduler_tutorial_pca10040_s132 Release/Obj/nrf_log_str_formatter.o
                                         0x11 (size before relaxing)
 .rodata.str1.1
                0x0000000000029755       0x4b Output/scheduler_tutorial_pca10040_s132 Release/Obj/nrf_log_str_formatter.o
                                         0x51 (size before relaxing)
 .rodata.m_colors
                0x00000000000297a0       0x24 Output/scheduler_tutorial_pca10040_s132 Release/Obj/nrf_log_str_formatter.o
 .rodata.severity_names
                0x00000000000297c4       0x14 Output/scheduler_tutorial_pca10040_s132 Release/Obj/nrf_log_str_formatter.o
 .rodata.app_error_fault_handler.str1.1
                0x00000000000297d8       0x19 Output/scheduler_tutorial_pca10040_s132 Release/Obj/app_error_weak.o
 *fill*         0x00000000000297f1        0xf 
 .rodata.delay_bytecode.8324
                0x0000000000029800        0x6 Output/scheduler_tutorial_pca10040_s132 Release/Obj/app_timer.o
 .rodata._aV2C.7537
                0x0000000000029806       0x10 Output/scheduler_tutorial_pca10040_s132 Release/Obj/nrf_fprintf_format.o
 .rodata.str1.1
                0x0000000000029816        0x6 Output/scheduler_tutorial_pca10040_s132 Release/Obj/nrf_drv_clock.o
 .rodata.str1.1
                0x000000000002981c        0x6 Output/scheduler_tutorial_pca10040_s132 Release/Obj/nrfx_clock.o
 .rodata.str1.1
                0x0000000000029822        0x7 Output/scheduler_tutorial_pca10040_s132 Release/Obj/nrfx_gpiote.o
 .rodata.str1.1
                0x0000000000029829        0x4 Output/scheduler_tutorial_pca10040_s132 Release/Obj/nrfx_prs.o
 .rodata.str1.1
                0x000000000002982d        0x5 Output/scheduler_tutorial_pca10040_s132 Release/Obj/nrfx_uart.o
 .rodata.str1.1
                0x0000000000029832        0x6 Output/scheduler_tutorial_pca10040_s132 Release/Obj/nrfx_uarte.o
 .rodata.button_scheduler_event_handler.str1.1
                0x0000000000029838       0x93 Output/scheduler_tutorial_pca10040_s132 Release/Obj/main.o
 .rodata.timer_handler.str1.1
                0x00000000000298cb       0x6a Output/scheduler_tutorial_pca10040_s132 Release/Obj/main.o
 .rodata.main.str1.1
                0x0000000000029935       0x24 Output/scheduler_tutorial_pca10040_s132 Release/Obj/main.o
 *fill*         0x0000000000029959        0x3 
 .rodata.m_led_a_timer_id
                0x000000000002995c        0x4 Output/scheduler_tutorial_pca10040_s132 Release/Obj/main.o
 .rodata._DoInit.str1.1
                0x0000000000029960       0x14 Output/scheduler_tutorial_pca10040_s132 Release/Obj/SEGGER_RTT.o
 .rodata.str1.1
                0x0000000000029974        0x8 Output/scheduler_tutorial_pca10040_s132 Release/Obj/nrf_sdh.o
 .rodata.sdh_stack_observers
                0x000000000002997c        0xc Output/scheduler_tutorial_pca10040_s132 Release/Obj/nrf_sdh.o
 .rodata.str1.1
                0x0000000000029988        0xc Output/scheduler_tutorial_pca10040_s132 Release/Obj/nrf_sdh_soc.o
 .rodata.sdh_soc_observers
                0x0000000000029994        0xc Output/scheduler_tutorial_pca10040_s132 Release/Obj/nrf_sdh_soc.o
 .rodata.libc.__RAL_find_locale.str1.4
                0x00000000000299a0        0xa C:/Program Files/SEGGER/SEGGER Embedded Studio for ARM 4.50/lib/libc_v7em_fpv4_sp_d16_hard_t_le_eabi.a(libc2.o)
 *fill*         0x00000000000299aa        0x2 
 .rodata.libc.__RAL_ascii_ctype_map
                0x00000000000299ac       0x80 C:/Program Files/SEGGER/SEGGER Embedded Studio for ARM 4.50/lib/libc_v7em_fpv4_sp_d16_hard_t_le_eabi.a(libc2.o)
                0x00000000000299ac                __RAL_ascii_ctype_map
 .rodata.libc.__RAL_ascii_ctype_mask
                0x0000000000029a2c        0xd C:/Program Files/SEGGER/SEGGER Embedded Studio for ARM 4.50/lib/libc_v7em_fpv4_sp_d16_hard_t_le_eabi.a(libc2.o)
 *fill*         0x0000000000029a39        0x3 
 .rodata.libc.__RAL_c_locale
                0x0000000000029a3c        0xc C:/Program Files/SEGGER/SEGGER Embedded Studio for ARM 4.50/lib/libc_v7em_fpv4_sp_d16_hard_t_le_eabi.a(libc2.o)
                0x0000000000029a3c                __RAL_c_locale
 .rodata.libc.__RAL_c_locale_abbrev_day_names
                0x0000000000029a48       0x1d C:/Program Files/SEGGER/SEGGER Embedded Studio for ARM 4.50/lib/libc_v7em_fpv4_sp_d16_hard_t_le_eabi.a(libc2.o)
                0x0000000000029a48                __RAL_c_locale_abbrev_day_names
 *fill*         0x0000000000029a65        0x3 
 .rodata.libc.__RAL_c_locale_abbrev_month_names
                0x0000000000029a68       0x31 C:/Program Files/SEGGER/SEGGER Embedded Studio for ARM 4.50/lib/libc_v7em_fpv4_sp_d16_hard_t_le_eabi.a(libc2.o)
                0x0000000000029a68                __RAL_c_locale_abbrev_month_names
 *fill*         0x0000000000029a99        0x3 
 .rodata.libc.__RAL_c_locale_am_pm_indicator
                0x0000000000029a9c        0x7 C:/Program Files/SEGGER/SEGGER Embedded Studio for ARM 4.50/lib/libc_v7em_fpv4_sp_d16_hard_t_le_eabi.a(libc2.o)
                0x0000000000029a9c                __RAL_c_locale_am_pm_indicator
 *fill*         0x0000000000029aa3        0x1 
 .rodata.libc.__RAL_c_locale_data
                0x0000000000029aa4       0x58 C:/Program Files/SEGGER/SEGGER Embedded Studio for ARM 4.50/lib/libc_v7em_fpv4_sp_d16_hard_t_le_eabi.a(libc2.o)
                0x0000000000029aa4                __RAL_c_locale_data
 .rodata.libc.__RAL_c_locale_date_format
                0x0000000000029afc        0x9 C:/Program Files/SEGGER/SEGGER Embedded Studio for ARM 4.50/lib/libc_v7em_fpv4_sp_d16_hard_t_le_eabi.a(libc2.o)
                0x0000000000029afc                __RAL_c_locale_date_format
 *fill*         0x0000000000029b05        0x3 
 .rodata.libc.__RAL_c_locale_date_time_format
                0x0000000000029b08        0xf C:/Program Files/SEGGER/SEGGER Embedded Studio for ARM 4.50/lib/libc_v7em_fpv4_sp_d16_hard_t_le_eabi.a(libc2.o)
                0x0000000000029b08                __RAL_c_locale_date_time_format
 *fill*         0x0000000000029b17        0x1 
 .rodata.libc.__RAL_c_locale_day_names
                0x0000000000029b18       0x3a C:/Program Files/SEGGER/SEGGER Embedded Studio for ARM 4.50/lib/libc_v7em_fpv4_sp_d16_hard_t_le_eabi.a(libc2.o)
                0x0000000000029b18                __RAL_c_locale_day_names
 *fill*         0x0000000000029b52        0x2 
 .rodata.libc.__RAL_c_locale_month_names
                0x0000000000029b54       0x57 C:/Program Files/SEGGER/SEGGER Embedded Studio for ARM 4.50/lib/libc_v7em_fpv4_sp_d16_hard_t_le_eabi.a(libc2.o)
                0x0000000000029b54                __RAL_c_locale_month_names
 *fill*         0x0000000000029bab        0x1 
 .rodata.libc.__RAL_c_locale_time_format
                0x0000000000029bac        0x9 C:/Program Files/SEGGER/SEGGER Embedded Studio for ARM 4.50/lib/libc_v7em_fpv4_sp_d16_hard_t_le_eabi.a(libc2.o)
                0x0000000000029bac                __RAL_c_locale_time_format
 *fill*         0x0000000000029bb5        0x3 
 .rodata.libc.__RAL_codeset_ascii
                0x0000000000029bb8       0x20 C:/Program Files/SEGGER/SEGGER Embedded Studio for ARM 4.50/lib/libc_v7em_fpv4_sp_d16_hard_t_le_eabi.a(libc2.o)
                0x0000000000029bb8                __RAL_codeset_ascii
 .rodata.libc.__RAL_data_empty_string
                0x0000000000029bd8        0x1 C:/Program Files/SEGGER/SEGGER Embedded Studio for ARM 4.50/lib/libc_v7em_fpv4_sp_d16_hard_t_le_eabi.a(libc2.o)
                0x0000000000029bd8                __RAL_data_empty_string
 *fill*         0x0000000000029bd9        0x3 
 .rodata.libc.__RAL_data_utf8_period
                0x0000000000029bdc        0x2 C:/Program Files/SEGGER/SEGGER Embedded Studio for ARM 4.50/lib/libc_v7em_fpv4_sp_d16_hard_t_le_eabi.a(libc2.o)
                0x0000000000029bdc                __RAL_data_utf8_period
                0x0000000000029bde                __rodata_end__ = (__rodata_start__ + SIZEOF (.rodata))
                0x000000000000055a                __rodata_size__ = SIZEOF (.rodata)
                0x0000000000029bde                __rodata_load_end__ = __rodata_end__

.rel.dyn        0x0000000000029be0        0x0
 .rel.iplt      0x0000000000029be0        0x0 Output/scheduler_tutorial_pca10040_s132 Release/Obj/thumb_crt0.o
                0x0000000000000001                . = ASSERT (((__rodata_start__ == __rodata_end__) || ((__rodata_end__ - __FLASH_segment_start__) <= __FLASH_segment_size__)), error: .rodata is too large to fit in FLASH memory segment)
                0x0000000000029be0                __ARM.exidx_load_start__ = ALIGN (__rodata_end__, 0x4)

.ARM.exidx      0x0000000000029be0        0x0
                0x0000000000029be0                __ARM.exidx_start__ = .
                0x0000000000029be0                __exidx_start = __ARM.exidx_start__
 *(.ARM.exidx .ARM.exidx.*)
                0x0000000000029be0                __ARM.exidx_end__ = (__ARM.exidx_start__ + SIZEOF (.ARM.exidx))
                0x0000000000000000                __ARM.exidx_size__ = SIZEOF (.ARM.exidx)
                0x0000000000029be0                __exidx_end = __ARM.exidx_end__
                0x0000000000029be0                __ARM.exidx_load_end__ = __ARM.exidx_end__
                0x0000000000000001                . = ASSERT (((__ARM.exidx_start__ == __ARM.exidx_end__) || ((__ARM.exidx_end__ - __FLASH_segment_start__) <= __FLASH_segment_size__)), error: .ARM.exidx is too large to fit in FLASH memory segment)
                0x0000000000029be0                __fast_load_start__ = ALIGN (__ARM.exidx_end__, 0x4)

.fast           0x00000000200057b8        0x0 load address 0x0000000000029be0
                0x00000000200057b8                __fast_start__ = .
 *(.fast .fast.*)
                0x00000000200057b8                __fast_end__ = (__fast_start__ + SIZEOF (.fast))
                0x0000000000000000                __fast_size__ = SIZEOF (.fast)
                0x0000000000029be0                __fast_load_end__ = (__fast_load_start__ + SIZEOF (.fast))
                0x0000000000000001                . = ASSERT (((__fast_load_start__ == __fast_load_end__) || ((__fast_load_end__ - __FLASH_segment_start__) <= __FLASH_segment_size__)), error: .fast is too large to fit in FLASH memory segment)

.fast_run       0x00000000200057b8        0x0
                0x00000000200057b8                __fast_run_start__ = .
                0x00000000200057b8                . = MAX ((__fast_run_start__ + SIZEOF (.fast)), .)
                0x00000000200057b8                __fast_run_end__ = (__fast_run_start__ + SIZEOF (.fast_run))
                0x0000000000000000                __fast_run_size__ = SIZEOF (.fast_run)
                0x00000000200057b8                __fast_run_load_end__ = __fast_run_end__
                0x0000000000000001                . = ASSERT (((__fast_run_start__ == __fast_run_end__) || ((__fast_run_end__ - __RAM_segment_start__) <= __RAM_segment_size__)), error: .fast_run is too large to fit in RAM memory segment)
                0x0000000000029be0                __data_load_start__ = ALIGN ((__fast_load_start__ + SIZEOF (.fast)), 0x4)

.data           0x00000000200057b8       0x3c load address 0x0000000000029be0
                0x00000000200057b8                __data_start__ = .
 *(.data .data.* .gnu.linkonce.d.*)
 .data.m_uart   0x00000000200057b8       0x14 Output/scheduler_tutorial_pca10040_s132 Release/Obj/nrf_log_backend_uart.o
                0x00000000200057b8                m_uart
 .data.log_backend_cb_rtt_log_backend
                0x00000000200057cc        0x8 Output/scheduler_tutorial_pca10040_s132 Release/Obj/nrf_log_default_backends.o
 .data.log_backend_cb_uart_log_backend
                0x00000000200057d4        0x8 Output/scheduler_tutorial_pca10040_s132 Release/Obj/nrf_log_default_backends.o
 .data.SystemCoreClock
                0x00000000200057dc        0x4 Output/scheduler_tutorial_pca10040_s132 Release/Obj/system_nrf52.o
                0x00000000200057dc                SystemCoreClock
 .data.libc.__RAL_global_locale
                0x00000000200057e0       0x14 C:/Program Files/SEGGER/SEGGER Embedded Studio for ARM 4.50/lib/libc_v7em_fpv4_sp_d16_hard_t_le_eabi.a(libc2.o)
                0x00000000200057e0                __RAL_global_locale
                0x00000000200057f4                __data_end__ = (__data_start__ + SIZEOF (.data))
                0x000000000000003c                __data_size__ = SIZEOF (.data)
                0x0000000000029c1c                __data_load_end__ = (__data_load_start__ + SIZEOF (.data))

.igot.plt       0x0000000100000000        0x0
 .igot.plt      0x0000000100000000        0x0 Output/scheduler_tutorial_pca10040_s132 Release/Obj/thumb_crt0.o
                0x0000000000000001                . = ASSERT (((__data_load_start__ == __data_load_end__) || ((__data_load_end__ - __FLASH_segment_start__) <= __FLASH_segment_size__)), error: .data is too large to fit in FLASH memory segment)

.data_run       0x00000000200057b8       0x3c load address 0x0000000000029be0
                0x00000000200057b8                __data_run_start__ = .
                0x00000000200057f4                . = MAX ((__data_run_start__ + SIZEOF (.data)), .)
 *fill*         0x00000000200057b8       0x3c 
                0x00000000200057f4                __data_run_end__ = (__data_run_start__ + SIZEOF (.data_run))
                0x000000000000003c                __data_run_size__ = SIZEOF (.data_run)
                0x00000000200057f4                __data_run_load_end__ = __data_run_end__
                0x0000000000000001                . = ASSERT (((__data_run_start__ == __data_run_end__) || ((__data_run_end__ - __RAM_segment_start__) <= __RAM_segment_size__)), error: .data_run is too large to fit in RAM memory segment)
                0x0000000000029c1c                __tdata_load_start__ = ALIGN ((__data_load_start__ + SIZEOF (.data)), 0x4)

.tdata          0x00000000200057f4        0x0 load address 0x0000000000029c1c
                0x00000000200057f4                __tdata_start__ = .
 *(.tdata .tdata.*)
                0x00000000200057f4                __tdata_end__ = (__tdata_start__ + SIZEOF (.tdata))
                0x0000000000000000                __tdata_size__ = SIZEOF (.tdata)
                0x0000000000029c1c                __tdata_load_end__ = (__tdata_load_start__ + SIZEOF (.tdata))
                0x0000000000029c1c                __FLASH_segment_used_end__ = (ALIGN ((__data_load_start__ + SIZEOF (.data)), 0x4) + SIZEOF (.tdata))
                0x0000000000029c1c                __FLASH_segment_used_size__ = (__FLASH_segment_used_end__ - __FLASH_segment_start__)
                0x0000000000000001                . = ASSERT (((__tdata_load_start__ == __tdata_load_end__) || ((__tdata_load_end__ - __FLASH_segment_start__) <= __FLASH_segment_size__)), error: .tdata is too large to fit in FLASH memory segment)

.tdata_run      0x00000000200057f4        0x0
                0x00000000200057f4                __tdata_run_start__ = .
                0x00000000200057f4                . = MAX ((__tdata_run_start__ + SIZEOF (.tdata)), .)
                0x00000000200057f4                __tdata_run_end__ = (__tdata_run_start__ + SIZEOF (.tdata_run))
                0x0000000000000000                __tdata_run_size__ = SIZEOF (.tdata_run)
                0x00000000200057f4                __tdata_run_load_end__ = __tdata_run_end__
                0x0000000000000001                . = ASSERT (((__tdata_run_start__ == __tdata_run_end__) || ((__tdata_run_end__ - __RAM_segment_start__) <= __RAM_segment_size__)), error: .tdata_run is too large to fit in RAM memory segment)
                0x00000000200057f4                __bss_load_start__ = ALIGN (__tdata_run_end__, 0x4)

.bss            0x00000000200057f4      0xb79
                0x00000000200057f4                __bss_start__ = .
 *(.bss .bss.* .gnu.linkonce.b.*)
 .bss.m_host_present
                0x00000000200057f4        0x1 Output/scheduler_tutorial_pca10040_s132 Release/Obj/nrf_log_backend_rtt.o
 .bss.m_string_buff
                0x00000000200057f5       0x40 Output/scheduler_tutorial_pca10040_s132 Release/Obj/nrf_log_backend_rtt.o
 .bss.m_async_mode
                0x0000000020005835        0x1 Output/scheduler_tutorial_pca10040_s132 Release/Obj/nrf_log_backend_uart.o
 .bss.m_string_buff
                0x0000000020005836       0x40 Output/scheduler_tutorial_pca10040_s132 Release/Obj/nrf_log_backend_uart.o
 .bss.m_xfer_done
                0x0000000020005876        0x1 Output/scheduler_tutorial_pca10040_s132 Release/Obj/nrf_log_backend_uart.o
 *fill*         0x0000000020005877        0x1 
 .bss.log_mempool_nrf_balloc_cb
                0x0000000020005878        0x8 Output/scheduler_tutorial_pca10040_s132 Release/Obj/nrf_log_frontend.o
 .bss.log_mempool_nrf_balloc_pool_mem
                0x0000000020005880       0xc0 Output/scheduler_tutorial_pca10040_s132 Release/Obj/nrf_log_frontend.o
 .bss.log_mempool_nrf_balloc_pool_stack
                0x0000000020005940        0x8 Output/scheduler_tutorial_pca10040_s132 Release/Obj/nrf_log_frontend.o
 .bss.m_log_data
                0x0000000020005948      0x424 Output/scheduler_tutorial_pca10040_s132 Release/Obj/nrf_log_frontend.o
 .bss.m_log_push_ringbuf_buf
                0x0000000020005d6c       0x80 Output/scheduler_tutorial_pca10040_s132 Release/Obj/nrf_log_frontend.o
 .bss.m_log_push_ringbuf_cb
                0x0000000020005dec       0x18 Output/scheduler_tutorial_pca10040_s132 Release/Obj/nrf_log_frontend.o
 .bss.m_queue_end_index
                0x0000000020005e04        0x1 Output/scheduler_tutorial_pca10040_s132 Release/Obj/app_scheduler.o
 *fill*         0x0000000020005e05        0x3 
 .bss.m_queue_event_data
                0x0000000020005e08        0x4 Output/scheduler_tutorial_pca10040_s132 Release/Obj/app_scheduler.o
 .bss.m_queue_event_headers
                0x0000000020005e0c        0x4 Output/scheduler_tutorial_pca10040_s132 Release/Obj/app_scheduler.o
 .bss.m_queue_event_size
                0x0000000020005e10        0x2 Output/scheduler_tutorial_pca10040_s132 Release/Obj/app_scheduler.o
 .bss.m_queue_size
                0x0000000020005e12        0x2 Output/scheduler_tutorial_pca10040_s132 Release/Obj/app_scheduler.o
 .bss.m_queue_start_index
                0x0000000020005e14        0x1 Output/scheduler_tutorial_pca10040_s132 Release/Obj/app_scheduler.o
 *fill*         0x0000000020005e15        0x3 
 .bss.m_op_queue
                0x0000000020005e18      0x10c Output/scheduler_tutorial_pca10040_s132 Release/Obj/app_timer.o
 .bss.m_rtc1_reset
                0x0000000020005f24        0x1 Output/scheduler_tutorial_pca10040_s132 Release/Obj/app_timer.o
 .bss.m_rtc1_running
                0x0000000020005f25        0x1 Output/scheduler_tutorial_pca10040_s132 Release/Obj/app_timer.o
 *fill*         0x0000000020005f26        0x2 
 .bss.m_ticks_elapsed
                0x0000000020005f28        0x8 Output/scheduler_tutorial_pca10040_s132 Release/Obj/app_timer.o
 .bss.m_ticks_elapsed_q_read_ind
                0x0000000020005f30        0x1 Output/scheduler_tutorial_pca10040_s132 Release/Obj/app_timer.o
 .bss.m_ticks_elapsed_q_write_ind
                0x0000000020005f31        0x1 Output/scheduler_tutorial_pca10040_s132 Release/Obj/app_timer.o
 *fill*         0x0000000020005f32        0x2 
 .bss.m_ticks_latest
                0x0000000020005f34        0x4 Output/scheduler_tutorial_pca10040_s132 Release/Obj/app_timer.o
 .bss.mp_timer_id_head
                0x0000000020005f38        0x4 Output/scheduler_tutorial_pca10040_s132 Release/Obj/app_timer.o
 .bss.nrf_nvic_state
                0x0000000020005f3c        0xc Output/scheduler_tutorial_pca10040_s132 Release/Obj/app_util_platform.o
                0x0000000020005f3c                nrf_nvic_state
 .bss.m_clock_cb
                0x0000000020005f48       0x14 Output/scheduler_tutorial_pca10040_s132 Release/Obj/nrf_drv_clock.o
 .bss.m_contexts
                0x0000000020005f5c        0x4 Output/scheduler_tutorial_pca10040_s132 Release/Obj/nrf_drv_uart.o
 .bss.m_handlers
                0x0000000020005f60        0x4 Output/scheduler_tutorial_pca10040_s132 Release/Obj/nrf_drv_uart.o
 .bss.nrf_drv_uart_use_easy_dma
                0x0000000020005f64        0x1 Output/scheduler_tutorial_pca10040_s132 Release/Obj/nrf_drv_uart.o
                0x0000000020005f64                nrf_drv_uart_use_easy_dma
 *fill*         0x0000000020005f65        0x3 
 .bss.m_clock_cb
                0x0000000020005f68        0x8 Output/scheduler_tutorial_pca10040_s132 Release/Obj/nrfx_clock.o
 .bss.m_cb      0x0000000020005f70       0x4c Output/scheduler_tutorial_pca10040_s132 Release/Obj/nrfx_gpiote.o
 .bss.m_prs_box_4
                0x0000000020005fbc        0x8 Output/scheduler_tutorial_pca10040_s132 Release/Obj/nrfx_prs.o
 .bss.m_cb      0x0000000020005fc4       0x2c Output/scheduler_tutorial_pca10040_s132 Release/Obj/nrfx_uart.o
 .bss.m_cb      0x0000000020005ff0       0x24 Output/scheduler_tutorial_pca10040_s132 Release/Obj/nrfx_uarte.o
 .bss.APP_SCHED_BUF.9446
                0x0000000020006014       0xb0 Output/scheduler_tutorial_pca10040_s132 Release/Obj/main.o
 .bss.m_led_a_timer_id_data
                0x00000000200060c4       0x20 Output/scheduler_tutorial_pca10040_s132 Release/Obj/main.o
 .bss._SEGGER_RTT
                0x00000000200060e4       0x78 Output/scheduler_tutorial_pca10040_s132 Release/Obj/SEGGER_RTT.o
                0x00000000200060e4                _SEGGER_RTT
 .bss._acDownBuffer
                0x000000002000615c       0x10 Output/scheduler_tutorial_pca10040_s132 Release/Obj/SEGGER_RTT.o
 .bss._acUpBuffer
                0x000000002000616c      0x200 Output/scheduler_tutorial_pca10040_s132 Release/Obj/SEGGER_RTT.o
 .bss.m_nrf_sdh_enabled
                0x000000002000636c        0x1 Output/scheduler_tutorial_pca10040_s132 Release/Obj/nrf_sdh.o
 *(COMMON)
                0x000000002000636d                __bss_end__ = (__bss_start__ + SIZEOF (.bss))
                0x0000000000000b79                __bss_size__ = SIZEOF (.bss)
                0x000000002000636d                __bss_load_end__ = __bss_end__
                0x0000000000000001                . = ASSERT (((__bss_start__ == __bss_end__) || ((__bss_end__ - __RAM_segment_start__) <= __RAM_segment_size__)), error: .bss is too large to fit in RAM memory segment)
                0x0000000020006370                __tbss_load_start__ = ALIGN (__bss_end__, 0x4)

.tbss           0x0000000020006370        0x0
                0x0000000020006370                __tbss_start__ = .
 *(.tbss .tbss.*)
                0x0000000020006370                __tbss_end__ = (__tbss_start__ + SIZEOF (.tbss))
                0x0000000000000000                __tbss_size__ = SIZEOF (.tbss)
                0x0000000020006370                __tbss_load_end__ = __tbss_end__
                0x0000000000000001                . = ASSERT (((__tbss_start__ == __tbss_end__) || ((__tbss_end__ - __RAM_segment_start__) <= __RAM_segment_size__)), error: .tbss is too large to fit in RAM memory segment)
                0x0000000020006370                __non_init_load_start__ = ALIGN (__tbss_end__, 0x4)

.non_init       0x0000000020006370        0x0
                0x0000000020006370                __non_init_start__ = .
 *(.non_init .non_init.*)
                0x0000000020006370                __non_init_end__ = (__non_init_start__ + SIZEOF (.non_init))
                0x0000000000000000                __non_init_size__ = SIZEOF (.non_init)
                0x0000000020006370                __non_init_load_end__ = __non_init_end__
                0x0000000000000001                . = ASSERT (((__non_init_start__ == __non_init_end__) || ((__non_init_end__ - __RAM_segment_start__) <= __RAM_segment_size__)), error: .non_init is too large to fit in RAM memory segment)
                0x0000000020006370                __heap_load_start__ = ALIGN (__non_init_end__, 0x4)

.heap           0x0000000020006370     0x2000
                0x0000000020006370                __heap_start__ = .
 *(.heap .heap.*)
                0x0000000020008370                . = ALIGN (MAX ((__heap_start__ + __HEAPSIZE__), .), 0x4)
 *fill*         0x0000000020006370     0x2000 
                0x0000000020008370                __heap_end__ = (__heap_start__ + SIZEOF (.heap))
                0x0000000000002000                __heap_size__ = SIZEOF (.heap)
                0x0000000020008370                __heap_load_end__ = __heap_end__
                0x0000000000000001                . = ASSERT (((__heap_start__ == __heap_end__) || ((__heap_end__ - __RAM_segment_start__) <= __RAM_segment_size__)), error: .heap is too large to fit in RAM memory segment)
                0x000000002000e000                __stack_load_start__ = (__RAM_segment_start__ + (__RAM_segment_size__ - 0x2000))

.stack          0x000000002000e000     0x2000
                0x000000002000e000                __stack_start__ = .
                0x000000002000e000                __StackLimit = __stack_start__
 *(.stack .stack.*)
                0x0000000020010000                . = ALIGN (MAX ((__stack_start__ + __STACKSIZE__), .), 0x8)
 *fill*         0x000000002000e000     0x2000 
                0x0000000020010000                __stack_end__ = (__stack_start__ + SIZEOF (.stack))
                0x0000000000002000                __stack_size__ = SIZEOF (.stack)
                0x0000000020010000                __StackTop = __stack_end__
                0x0000000020010000                __stack_load_end__ = __stack_end__
                0x0000000000000001                . = ASSERT (((__stack_start__ == __stack_end__) || ((__stack_end__ - __RAM_segment_start__) <= __RAM_segment_size__)), error: .stack is too large to fit in RAM memory segment)
                0x0000000000000001                . = ASSERT ((__heap_end__ <= __stack_start__), error: section .heap overlaps absolute placed section .stack)
                0x0000000020010000                __stack_process_load_start__ = ALIGN (__stack_end__, 0x8)

.stack_process  0x0000000020010000        0x0
                0x0000000020010000                __stack_process_start__ = .
 *(.stack_process .stack_process.*)
                0x0000000020010000                . = ALIGN (MAX ((__stack_process_start__ + __STACKSIZE_PROCESS__), .), 0x8)
                0x0000000020010000                __stack_process_end__ = (__stack_process_start__ + SIZEOF (.stack_process))
                0x0000000000000000                __stack_process_size__ = SIZEOF (.stack_process)
                0x0000000020010000                __stack_process_load_end__ = __stack_process_end__
                0x0000000020010000                __RAM_segment_used_end__ = (ALIGN (__stack_end__, 0x8) + SIZEOF (.stack_process))
                0x0000000000010000                __RAM_segment_used_size__ = (__RAM_segment_used_end__ - __RAM_segment_start__)
                0x0000000000000001                . = ASSERT (((__stack_process_start__ == __stack_process_end__) || ((__stack_process_end__ - __RAM_segment_start__) <= __RAM_segment_size__)), error: .stack_process is too large to fit in RAM memory segment)
START GROUP
LOAD Output/scheduler_tutorial_pca10040_s132 Release/Obj/thumb_crt0.o
LOAD Output/scheduler_tutorial_pca10040_s132 Release/Obj/nrf_log_backend_rtt.o
LOAD Output/scheduler_tutorial_pca10040_s132 Release/Obj/nrf_log_backend_serial.o
LOAD Output/scheduler_tutorial_pca10040_s132 Release/Obj/nrf_log_backend_uart.o
LOAD Output/scheduler_tutorial_pca10040_s132 Release/Obj/nrf_log_default_backends.o
LOAD Output/scheduler_tutorial_pca10040_s132 Release/Obj/nrf_log_frontend.o
LOAD Output/scheduler_tutorial_pca10040_s132 Release/Obj/nrf_log_str_formatter.o
LOAD Output/scheduler_tutorial_pca10040_s132 Release/Obj/app_error.o
LOAD Output/scheduler_tutorial_pca10040_s132 Release/Obj/app_error_handler_gcc.o
LOAD Output/scheduler_tutorial_pca10040_s132 Release/Obj/app_error_weak.o
LOAD Output/scheduler_tutorial_pca10040_s132 Release/Obj/app_scheduler.o
LOAD Output/scheduler_tutorial_pca10040_s132 Release/Obj/app_timer.o
LOAD Output/scheduler_tutorial_pca10040_s132 Release/Obj/app_util_platform.o
LOAD Output/scheduler_tutorial_pca10040_s132 Release/Obj/nrf_assert.o
LOAD Output/scheduler_tutorial_pca10040_s132 Release/Obj/nrf_atomic.o
LOAD Output/scheduler_tutorial_pca10040_s132 Release/Obj/nrf_balloc.o
LOAD Output/scheduler_tutorial_pca10040_s132 Release/Obj/nrf_fprintf.o
LOAD Output/scheduler_tutorial_pca10040_s132 Release/Obj/nrf_fprintf_format.o
LOAD Output/scheduler_tutorial_pca10040_s132 Release/Obj/nrf_memobj.o
LOAD Output/scheduler_tutorial_pca10040_s132 Release/Obj/nrf_ringbuf.o
LOAD Output/scheduler_tutorial_pca10040_s132 Release/Obj/nrf_section_iter.o
LOAD Output/scheduler_tutorial_pca10040_s132 Release/Obj/nrf_strerror.o
LOAD Output/scheduler_tutorial_pca10040_s132 Release/Obj/ses_startup_nrf52.o
LOAD Output/scheduler_tutorial_pca10040_s132 Release/Obj/ses_startup_nrf_common.o
LOAD Output/scheduler_tutorial_pca10040_s132 Release/Obj/system_nrf52.o
LOAD Output/scheduler_tutorial_pca10040_s132 Release/Obj/boards.o
LOAD Output/scheduler_tutorial_pca10040_s132 Release/Obj/nrf_drv_clock.o
LOAD Output/scheduler_tutorial_pca10040_s132 Release/Obj/nrf_drv_uart.o
LOAD Output/scheduler_tutorial_pca10040_s132 Release/Obj/nrfx_clock.o
LOAD Output/scheduler_tutorial_pca10040_s132 Release/Obj/nrfx_gpiote.o
LOAD Output/scheduler_tutorial_pca10040_s132 Release/Obj/nrfx_power_clock.o
LOAD Output/scheduler_tutorial_pca10040_s132 Release/Obj/nrfx_prs.o
LOAD Output/scheduler_tutorial_pca10040_s132 Release/Obj/nrfx_uart.o
LOAD Output/scheduler_tutorial_pca10040_s132 Release/Obj/nrfx_uarte.o
LOAD Output/scheduler_tutorial_pca10040_s132 Release/Obj/main.o
LOAD Output/scheduler_tutorial_pca10040_s132 Release/Obj/SEGGER_RTT.o
LOAD Output/scheduler_tutorial_pca10040_s132 Release/Obj/SEGGER_RTT_Syscalls_SES.o
LOAD Output/scheduler_tutorial_pca10040_s132 Release/Obj/SEGGER_RTT_printf.o
LOAD Output/scheduler_tutorial_pca10040_s132 Release/Obj/nrf_sdh.o
LOAD Output/scheduler_tutorial_pca10040_s132 Release/Obj/nrf_sdh_soc.o
LOAD C:/Program Files/SEGGER/SEGGER Embedded Studio for ARM 4.50/lib/libdebugio_mempoll_v7em_fpv4_sp_d16_hard_t_le_eabi.a
LOAD C:/Program Files/SEGGER/SEGGER Embedded Studio for ARM 4.50/lib/libm_v7em_fpv4_sp_d16_hard_t_le_eabi.a
LOAD C:/Program Files/SEGGER/SEGGER Embedded Studio for ARM 4.50/lib/libc_v7em_fpv4_sp_d16_hard_t_le_eabi.a
LOAD C:/Program Files/SEGGER/SEGGER Embedded Studio for ARM 4.50/lib/libcpp_v7em_fpv4_sp_d16_hard_t_le_eabi.a
LOAD C:/Program Files/SEGGER/SEGGER Embedded Studio for ARM 4.50/lib/libdebugio_v7em_fpv4_sp_d16_hard_t_le_eabi.a
LOAD C:/Program Files/SEGGER/SEGGER Embedded Studio for ARM 4.50/lib/libvfprintf_v7em_fpv4_sp_d16_hard_t_le_eabi.o
LOAD C:/Program Files/SEGGER/SEGGER Embedded Studio for ARM 4.50/lib/libvfscanf_v7em_fpv4_sp_d16_hard_t_le_eabi.o
END GROUP
OUTPUT(Output/Release/Exe/scheduler_tutorial_pca10040_s132.elf elf32-littlearm)

.ARM.attributes
                0x0000000000000000       0x35
 .ARM.attributes
                0x0000000000000000       0x25 Output/scheduler_tutorial_pca10040_s132 Release/Obj/thumb_crt0.o
 .ARM.attributes
                0x0000000000000025       0x39 Output/scheduler_tutorial_pca10040_s132 Release/Obj/nrf_log_backend_rtt.o
 .ARM.attributes
                0x000000000000005e       0x39 Output/scheduler_tutorial_pca10040_s132 Release/Obj/nrf_log_backend_serial.o
 .ARM.attributes
                0x0000000000000097       0x39 Output/scheduler_tutorial_pca10040_s132 Release/Obj/nrf_log_backend_uart.o
 .ARM.attributes
                0x00000000000000d0       0x39 Output/scheduler_tutorial_pca10040_s132 Release/Obj/nrf_log_default_backends.o
 .ARM.attributes
                0x0000000000000109       0x39 Output/scheduler_tutorial_pca10040_s132 Release/Obj/nrf_log_frontend.o
 .ARM.attributes
                0x0000000000000142       0x39 Output/scheduler_tutorial_pca10040_s132 Release/Obj/nrf_log_str_formatter.o
 .ARM.attributes
                0x000000000000017b       0x39 Output/scheduler_tutorial_pca10040_s132 Release/Obj/app_error.o
 .ARM.attributes
                0x00000000000001b4       0x39 Output/scheduler_tutorial_pca10040_s132 Release/Obj/app_error_weak.o
 .ARM.attributes
                0x00000000000001ed       0x39 Output/scheduler_tutorial_pca10040_s132 Release/Obj/app_scheduler.o
 .ARM.attributes
                0x0000000000000226       0x39 Output/scheduler_tutorial_pca10040_s132 Release/Obj/app_timer.o
 .ARM.attributes
                0x000000000000025f       0x39 Output/scheduler_tutorial_pca10040_s132 Release/Obj/app_util_platform.o
 .ARM.attributes
                0x0000000000000298       0x39 Output/scheduler_tutorial_pca10040_s132 Release/Obj/nrf_atomic.o
 .ARM.attributes
                0x00000000000002d1       0x39 Output/scheduler_tutorial_pca10040_s132 Release/Obj/nrf_balloc.o
 .ARM.attributes